Component: ARM Compiler 5.06 update 7 (build 960) Tool: armlink [4d3601]

==============================================================================

Section Cross References

    startup_stm32f401xx.o(RESET) refers to startup_stm32f401xx.o(STACK) for __initial_sp
    startup_stm32f401xx.o(RESET) refers to startup_stm32f401xx.o(.text) for Reset_Handler
    startup_stm32f401xx.o(RESET) refers to stm32f4xx_it.o(i.HardFault_Handler) for HardFault_Handler
    startup_stm32f401xx.o(RESET) refers to stm32f4xx_it.o(i.SysTick_Handler) for SysTick_Handler
    startup_stm32f401xx.o(RESET) refers to stm32f4xx_it.o(i.TIM3_IRQHandler) for TIM3_IRQHandler
    startup_stm32f401xx.o(RESET) refers to stm32f4xx_it.o(i.USART6_IRQHandler) for USART6_IRQHandler
    startup_stm32f401xx.o(.text) refers to system_stm32f4xx.o(i.SystemInit) for SystemInit
    startup_stm32f401xx.o(.text) refers to entry.o(.ARM.Collect$$$$00000000) for __main
    stm32f4xx_adc.o(i.ADC_DeInit) refers to stm32f4xx_rcc.o(i.RCC_APB2PeriphResetCmd) for RCC_APB2PeriphResetCmd
    stm32f4xx_can.o(i.CAN_DeInit) refers to stm32f4xx_rcc.o(i.RCC_APB1PeriphResetCmd) for RCC_APB1PeriphResetCmd
    stm32f4xx_can.o(i.CAN_GetITStatus) refers to stm32f4xx_can.o(i.CheckITStatus) for CheckITStatus
    stm32f4xx_cryp.o(i.CRYP_DeInit) refers to stm32f4xx_rcc.o(i.RCC_AHB2PeriphResetCmd) for RCC_AHB2PeriphResetCmd
    stm32f4xx_cryp_aes.o(i.CRYP_AES_CBC) refers to stm32f4xx_cryp.o(i.CRYP_KeyStructInit) for CRYP_KeyStructInit
    stm32f4xx_cryp_aes.o(i.CRYP_AES_CBC) refers to stm32f4xx_cryp.o(i.CRYP_FIFOFlush) for CRYP_FIFOFlush
    stm32f4xx_cryp_aes.o(i.CRYP_AES_CBC) refers to stm32f4xx_cryp.o(i.CRYP_Init) for CRYP_Init
    stm32f4xx_cryp_aes.o(i.CRYP_AES_CBC) refers to stm32f4xx_cryp.o(i.CRYP_KeyInit) for CRYP_KeyInit
    stm32f4xx_cryp_aes.o(i.CRYP_AES_CBC) refers to stm32f4xx_cryp.o(i.CRYP_Cmd) for CRYP_Cmd
    stm32f4xx_cryp_aes.o(i.CRYP_AES_CBC) refers to stm32f4xx_cryp.o(i.CRYP_GetFlagStatus) for CRYP_GetFlagStatus
    stm32f4xx_cryp_aes.o(i.CRYP_AES_CBC) refers to stm32f4xx_cryp.o(i.CRYP_IVInit) for CRYP_IVInit
    stm32f4xx_cryp_aes.o(i.CRYP_AES_CBC) refers to stm32f4xx_cryp.o(i.CRYP_GetCmdStatus) for CRYP_GetCmdStatus
    stm32f4xx_cryp_aes.o(i.CRYP_AES_CBC) refers to stm32f4xx_cryp.o(i.CRYP_DataIn) for CRYP_DataIn
    stm32f4xx_cryp_aes.o(i.CRYP_AES_CBC) refers to stm32f4xx_cryp.o(i.CRYP_DataOut) for CRYP_DataOut
    stm32f4xx_cryp_aes.o(i.CRYP_AES_CCM) refers to stm32f4xx_cryp.o(i.CRYP_KeyStructInit) for CRYP_KeyStructInit
    stm32f4xx_cryp_aes.o(i.CRYP_AES_CCM) refers to stm32f4xx_cryp.o(i.CRYP_FIFOFlush) for CRYP_FIFOFlush
    stm32f4xx_cryp_aes.o(i.CRYP_AES_CCM) refers to stm32f4xx_cryp.o(i.CRYP_KeyInit) for CRYP_KeyInit
    stm32f4xx_cryp_aes.o(i.CRYP_AES_CCM) refers to stm32f4xx_cryp.o(i.CRYP_IVInit) for CRYP_IVInit
    stm32f4xx_cryp_aes.o(i.CRYP_AES_CCM) refers to stm32f4xx_cryp.o(i.CRYP_Init) for CRYP_Init
    stm32f4xx_cryp_aes.o(i.CRYP_AES_CCM) refers to stm32f4xx_cryp.o(i.CRYP_PhaseConfig) for CRYP_PhaseConfig
    stm32f4xx_cryp_aes.o(i.CRYP_AES_CCM) refers to stm32f4xx_cryp.o(i.CRYP_DataIn) for CRYP_DataIn
    stm32f4xx_cryp_aes.o(i.CRYP_AES_CCM) refers to stm32f4xx_cryp.o(i.CRYP_Cmd) for CRYP_Cmd
    stm32f4xx_cryp_aes.o(i.CRYP_AES_CCM) refers to stm32f4xx_cryp.o(i.CRYP_GetCmdStatus) for CRYP_GetCmdStatus
    stm32f4xx_cryp_aes.o(i.CRYP_AES_CCM) refers to stm32f4xx_cryp.o(i.CRYP_GetFlagStatus) for CRYP_GetFlagStatus
    stm32f4xx_cryp_aes.o(i.CRYP_AES_CCM) refers to stm32f4xx_cryp.o(i.CRYP_DataOut) for CRYP_DataOut
    stm32f4xx_cryp_aes.o(i.CRYP_AES_CTR) refers to stm32f4xx_cryp.o(i.CRYP_KeyStructInit) for CRYP_KeyStructInit
    stm32f4xx_cryp_aes.o(i.CRYP_AES_CTR) refers to stm32f4xx_cryp.o(i.CRYP_KeyInit) for CRYP_KeyInit
    stm32f4xx_cryp_aes.o(i.CRYP_AES_CTR) refers to stm32f4xx_cryp.o(i.CRYP_Init) for CRYP_Init
    stm32f4xx_cryp_aes.o(i.CRYP_AES_CTR) refers to stm32f4xx_cryp.o(i.CRYP_IVInit) for CRYP_IVInit
    stm32f4xx_cryp_aes.o(i.CRYP_AES_CTR) refers to stm32f4xx_cryp.o(i.CRYP_FIFOFlush) for CRYP_FIFOFlush
    stm32f4xx_cryp_aes.o(i.CRYP_AES_CTR) refers to stm32f4xx_cryp.o(i.CRYP_Cmd) for CRYP_Cmd
    stm32f4xx_cryp_aes.o(i.CRYP_AES_CTR) refers to stm32f4xx_cryp.o(i.CRYP_GetCmdStatus) for CRYP_GetCmdStatus
    stm32f4xx_cryp_aes.o(i.CRYP_AES_CTR) refers to stm32f4xx_cryp.o(i.CRYP_DataIn) for CRYP_DataIn
    stm32f4xx_cryp_aes.o(i.CRYP_AES_CTR) refers to stm32f4xx_cryp.o(i.CRYP_GetFlagStatus) for CRYP_GetFlagStatus
    stm32f4xx_cryp_aes.o(i.CRYP_AES_CTR) refers to stm32f4xx_cryp.o(i.CRYP_DataOut) for CRYP_DataOut
    stm32f4xx_cryp_aes.o(i.CRYP_AES_ECB) refers to stm32f4xx_cryp.o(i.CRYP_KeyStructInit) for CRYP_KeyStructInit
    stm32f4xx_cryp_aes.o(i.CRYP_AES_ECB) refers to stm32f4xx_cryp.o(i.CRYP_FIFOFlush) for CRYP_FIFOFlush
    stm32f4xx_cryp_aes.o(i.CRYP_AES_ECB) refers to stm32f4xx_cryp.o(i.CRYP_Init) for CRYP_Init
    stm32f4xx_cryp_aes.o(i.CRYP_AES_ECB) refers to stm32f4xx_cryp.o(i.CRYP_KeyInit) for CRYP_KeyInit
[...]
    Removing stm32f4xx_usart.o(i.USART_IrDAConfig), (18 bytes).
    Removing stm32f4xx_usart.o(i.USART_LINBreakDetectLengthConfig), (18 bytes).
    Removing stm32f4xx_usart.o(i.USART_LINCmd), (24 bytes).
    Removing stm32f4xx_usart.o(i.USART_OneBitMethodCmd), (24 bytes).
    Removing stm32f4xx_usart.o(i.USART_OverSampling8Cmd), (22 bytes).
    Removing stm32f4xx_usart.o(i.USART_ReceiverWakeUpCmd), (24 bytes).
    Removing stm32f4xx_usart.o(i.USART_SendBreak), (10 bytes).
    Removing stm32f4xx_usart.o(i.USART_SetAddress), (18 bytes).
    Removing stm32f4xx_usart.o(i.USART_SetGuardTime), (16 bytes).
    Removing stm32f4xx_usart.o(i.USART_SetPrescaler), (16 bytes).
    Removing stm32f4xx_usart.o(i.USART_SmartCardCmd), (24 bytes).
    Removing stm32f4xx_usart.o(i.USART_SmartCardNACKCmd), (24 bytes).
    Removing stm32f4xx_usart.o(i.USART_StructInit), (24 bytes).
    Removing stm32f4xx_usart.o(i.USART_WakeUpConfig), (18 bytes).
    Removing stm32f4xx_wwdg.o(.rev16_text), (4 bytes).
    Removing stm32f4xx_wwdg.o(.revsh_text), (4 bytes).
    Removing stm32f4xx_wwdg.o(.rrx_text), (6 bytes).
    Removing stm32f4xx_wwdg.o(i.WWDG_ClearFlag), (12 bytes).
    Removing stm32f4xx_wwdg.o(i.WWDG_DeInit), (22 bytes).
    Removing stm32f4xx_wwdg.o(i.WWDG_Enable), (16 bytes).
    Removing stm32f4xx_wwdg.o(i.WWDG_EnableIT), (12 bytes).
    Removing stm32f4xx_wwdg.o(i.WWDG_GetFlagStatus), (20 bytes).
    Removing stm32f4xx_wwdg.o(i.WWDG_SetCounter), (16 bytes).
    Removing stm32f4xx_wwdg.o(i.WWDG_SetPrescaler), (24 bytes).
    Removing stm32f4xx_wwdg.o(i.WWDG_SetWindowValue), (40 bytes).
    Removing main.o(.rev16_text), (4 bytes).
    Removing main.o(.revsh_text), (4 bytes).
    Removing main.o(.rrx_text), (6 bytes).
    Removing stm32f4xx_it.o(.rev16_text), (4 bytes).
    Removing stm32f4xx_it.o(.revsh_text), (4 bytes).
    Removing stm32f4xx_it.o(.rrx_text), (6 bytes).
    Removing stm32f4xx_it.o(.constdata), (4 bytes).
    Removing usart.o(.rev16_text), (4 bytes).
    Removing usart.o(.revsh_text), (4 bytes).
    Removing usart.o(.rrx_text), (6 bytes).
    Removing usart.o(i.USARTGetByte), (32 bytes).
    Removing usart.o(i.USARTTest), (36 bytes).
    Removing usart.o(i.Usart_SendByte), (30 bytes).
    Removing usart.o(i.Usart_SendString), (42 bytes).
    Removing i2c.o(.rev16_text), (4 bytes).
    Removing i2c.o(.revsh_text), (4 bytes).
    Removing i2c.o(.rrx_text), (6 bytes).
    Removing i2c.o(i.Get_I2C_Retry), (12 bytes).
    Removing i2c.o(i.I2Cx_TIMEOUT_UserCallback), (160 bytes).
    Removing i2c.o(i.ST_Sensors_I2C_ReadNoRegister), (768 bytes).
    Removing i2c.o(i.ST_Sensors_I2C_ReadRegister), (964 bytes).
    Removing i2c.o(i.ST_Sensors_I2C_WriteNoRegister), (264 bytes).
    Removing i2c.o(i.ST_Sensors_I2C_WriteRegister), (332 bytes).
    Removing i2c.o(i.Sensors_I2C_ReadNoRegister), (72 bytes).
    Removing i2c.o(i.Sensors_I2C_ReadRegister), (76 bytes).
    Removing i2c.o(i.Sensors_I2C_WriteNoRegister), (68 bytes).
    Removing i2c.o(i.Sensors_I2C_WriteRegister), (76 bytes).
    Removing i2c.o(i.Set_I2C_Retry), (12 bytes).
    Removing i2c.o(.data), (2 bytes).
    Removing mpu6050.o(.rev16_text), (4 bytes).
    Removing mpu6050.o(.revsh_text), (4 bytes).
    Removing mpu6050.o(.rrx_text), (6 bytes).
    Removing mpu6050.o(i.MPU6050ReadID), (88 bytes).
    Removing mpu6050.o(i.MPU6050ReadTemp), (32 bytes).
    Removing mpu6050.o(.conststring), (89 bytes).
    Removing systick.o(.rev16_text), (4 bytes).
    Removing systick.o(.revsh_text), (4 bytes).
    Removing systick.o(.rrx_text), (6 bytes).
    Removing systick.o(i.SysTick_Init), (104 bytes).
    Removing systick.o(i.TimeStamp_Increment), (16 bytes).
    Removing systick.o(i.get_tick_count), (16 bytes).
    Removing hmc5883l.o(.rev16_text), (4 bytes).
    Removing hmc5883l.o(.revsh_text), (4 bytes).
    Removing hmc5883l.o(.rrx_text), (6 bytes).
    Removing codetab.o(.data), (1152 bytes).
    Removing led.o(.rev16_text), (4 bytes).
    Removing led.o(.revsh_text), (4 bytes).
    Removing led.o(.rrx_text), (6 bytes).
    Removing led.o(i.LED_Config), (84 bytes).
    Removing tim.o(.rev16_text), (4 bytes).
    Removing tim.o(.revsh_text), (4 bytes).
    Removing tim.o(.rrx_text), (6 bytes).
    Removing motor.o(.rev16_text), (4 bytes).
    Removing motor.o(.revsh_text), (4 bytes).
    Removing motor.o(.rrx_text), (6 bytes).
    Removing motor.o(i.Motor_Test), (84 bytes).
    Removing hm10.o(.rev16_text), (4 bytes).
    Removing hm10.o(.revsh_text), (4 bytes).
    Removing hm10.o(.rrx_text), (6 bytes).
    Removing hm10.o(i.HM10_Test), (16 bytes).
    Removing receiver.o(.rev16_text), (4 bytes).
    Removing receiver.o(.revsh_text), (4 bytes).
    Removing receiver.o(.rrx_text), (6 bytes).
    Removing oled.o(.rev16_text), (4 bytes).
    Removing oled.o(.revsh_text), (4 bytes).
    Removing oled.o(.rrx_text), (6 bytes).
    Removing oled.o(i.OLED_DrawBMP), (116 bytes).
    Removing oled.o(i.OLED_ShowCN), (84 bytes).
    Removing clkconfig.o(.rev16_text), (4 bytes).
    Removing clkconfig.o(.revsh_text), (4 bytes).
    Removing clkconfig.o(.rrx_text), (6 bytes).
    Removing clkconfig.o(i.HSE_SetSysClock), (160 bytes).
    Removing newi2c.o(.rev16_text), (4 bytes).
    Removing newi2c.o(.revsh_text), (4 bytes).
    Removing newi2c.o(.rrx_text), (6 bytes).
    Removing system_stm32f4xx.o(.rev16_text), (4 bytes).
    Removing system_stm32f4xx.o(.revsh_text), (4 bytes).
    Removing system_stm32f4xx.o(.rrx_text), (6 bytes).
    Removing system_stm32f4xx.o(i.SystemCoreClockUpdate), (192 bytes).
    Removing system_stm32f4xx.o(.data), (20 bytes).

815 unused section(s) (total 37025 bytes) removed from the image.

==============================================================================

Image Symbol Table

    Local Symbols

    Symbol Name                              Value     Ov Type        Size  Object(Section)

    ../clib/microlib/division.c              0x00000000   Number         0  uldiv.o ABSOLUTE
    ../clib/microlib/division.c              0x00000000   Number         0  uidiv.o ABSOLUTE
    ../clib/microlib/init/entry.s            0x00000000   Number         0  entry9b.o ABSOLUTE
    ../clib/microlib/init/entry.s            0x00000000   Number         0  entry9a.o ABSOLUTE
    ../clib/microlib/init/entry.s            0x00000000   Number         0  entry2.o ABSOLUTE
    ../clib/microlib/init/entry.s            0x00000000   Number         0  entry5.o ABSOLUTE
    ../clib/microlib/init/entry.s            0x00000000   Number         0  entry11b.o ABSOLUTE
    ../clib/microlib/init/entry.s            0x00000000   Number         0  entry7a.o ABSOLUTE
    ../clib/microlib/init/entry.s            0x00000000   Number         0  entry7b.o ABSOLUTE
    ../clib/microlib/init/entry.s            0x00000000   Number         0  entry8a.o ABSOLUTE
    ../clib/microlib/init/entry.s            0x00000000   Number         0  entry12b.o ABSOLUTE
    ../clib/microlib/init/entry.s            0x00000000   Number         0  entry12a.o ABSOLUTE
    ../clib/microlib/init/entry.s            0x00000000   Number         0  entry8b.o ABSOLUTE
    ../clib/microlib/init/entry.s            0x00000000   Number         0  entry11a.o ABSOLUTE
    ../clib/microlib/init/entry.s            0x00000000   Number         0  entry10b.o ABSOLUTE
    ../clib/microlib/init/entry.s            0x00000000   Number         0  entry10a.o ABSOLUTE
    ../clib/microlib/init/entry.s            0x00000000   Number         0  entry.o ABSOLUTE
    ../clib/microlib/longlong.c              0x00000000   Number         0  llshl.o ABSOLUTE
    ../clib/microlib/longlong.c              0x00000000   Number         0  llsshr.o ABSOLUTE
    ../clib/microlib/longlong.c              0x00000000   Number         0  llushr.o ABSOLUTE
    ../clib/microlib/printf/printf.c         0x00000000   Number         0  printf2.o ABSOLUTE
    ../clib/microlib/printf/printf.c         0x00000000   Number         0  printf7.o ABSOLUTE
    ../clib/microlib/printf/printf.c         0x00000000   Number         0  printfb.o ABSOLUTE
    ../clib/microlib/printf/printf.c         0x00000000   Number         0  printf0.o ABSOLUTE
    ../clib/microlib/printf/printf.c         0x00000000   Number         0  printf1.o ABSOLUTE
    ../clib/microlib/printf/printf.c         0x00000000   Number         0  printf3.o ABSOLUTE
    ../clib/microlib/printf/printf.c         0x00000000   Number         0  printfa.o ABSOLUTE
    ../clib/microlib/printf/printf.c         0x00000000   Number         0  printf6.o ABSOLUTE
    ../clib/microlib/printf/printf.c         0x00000000   Number         0  printf5.o ABSOLUTE
    ../clib/microlib/printf/printf.c         0x00000000   Number         0  printf8.o ABSOLUTE
    ../clib/microlib/printf/printf.c         0x00000000   Number         0  printf4.o ABSOLUTE
    ../clib/microlib/printf/stubs.s          0x00000000   Number         0  stubs.o ABSOLUTE
    ../clib/microlib/stdio/streams.c         0x00000000   Number         0  stdout.o ABSOLUTE
    ../clib/microlib/stubs.s                 0x00000000   Number         0  iusefp.o ABSOLUTE
    ../fplib/microlib/d2f.c                  0x00000000   Number         0  d2f.o ABSOLUTE
    ../fplib/microlib/f2d.c                  0x00000000   Number         0  f2d.o ABSOLUTE
    ../fplib/microlib/fpadd.c                0x00000000   Number         0  dadd.o ABSOLUTE
    ../fplib/microlib/fpdiv.c                0x00000000   Number         0  ddiv.o ABSOLUTE
    ../fplib/microlib/fpepilogue.c           0x00000000   Number         0  fepilogue.o ABSOLUTE
    ../fplib/microlib/fpepilogue.c           0x00000000   Number         0  depilogue.o ABSOLUTE
    ../fplib/microlib/fpfix.c                0x00000000   Number         0  dfixui.o ABSOLUTE
    ../fplib/microlib/fpfix.c                0x00000000   Number         0  dfixul.o ABSOLUTE
    ../fplib/microlib/fpflt.c                0x00000000   Number         0  dflti.o ABSOLUTE
    ../fplib/microlib/fpmul.c                0x00000000   Number         0  dmul.o ABSOLUTE
    ..\Libraries\CMSIS\Device\ST\STM32F4xx\Source\Templates\arm\startup_stm32f401xx.s 0x00000000   Number         0  startup_stm32f401xx.o ABSOLUTE
    ..\Libraries\CMSIS\Device\ST\STM32F4xx\Source\Templates\system_stm32f4xx.c 0x00000000   Number         0  system_stm32f4xx.o ABSOLUTE
    ..\Libraries\STM32F4xx_StdPeriph_Driver\src\misc.c 0x00000000   Number         0  misc.o ABSOLUTE
    ..\Libraries\STM32F4xx_StdPeriph_Driver\src\stm32f4xx_adc.c 0x00000000   Number         0  stm32f4xx_adc.o ABSOLUTE
    ..\Libraries\STM32F4xx_StdPeriph_Driver\src\stm32f4xx_can.c 0x00000000   Number         0  stm32f4xx_can.o ABSOLUTE
    ..\Libraries\STM32F4xx_StdPeriph_Driver\src\stm32f4xx_cec.c 0x00000000   Number         0  stm32f4xx_cec.o ABSOLUTE
    ..\Libraries\STM32F4xx_StdPeriph_Driver\src\stm32f4xx_crc.c 0x00000000   Number         0  stm32f4xx_crc.o ABSOLUTE
    ..\Libraries\STM32F4xx_StdPeriph_Driver\src\stm32f4xx_cryp.c 0x00000000   Number         0  stm32f4xx_cryp.o ABSOLUTE
    ..\Libraries\STM32F4xx_StdPeriph_Driver\src\stm32f4xx_cryp_aes.c 0x00000000   Number         0  stm32f4xx_cryp_aes.o ABSOLUTE
    ..\Libraries\STM32F4xx_StdPeriph_Driver\src\stm32f4xx_cryp_des.c 0x00000000   Number         0  stm32f4xx_cryp_des.o ABSOLUTE
    ..\Libraries\STM32F4xx_StdPeriph_Driver\src\stm32f4xx_cryp_tdes.c 0x00000000   Number         0  stm32f4xx_cryp_tdes.o ABSOLUTE
    ..\Libraries\STM32F4xx_StdPeriph_Driver\src\stm32f4xx_dac.c 0x00000000   Number         0  stm32f4xx_dac.o ABSOLUTE
    ..\Libraries\STM32F4xx_StdPeriph_Driver\src\stm32f4xx_dbgmcu.c 0x00000000   Number         0  stm32f4xx_dbgmcu.o ABSOLUTE
    ..\Libraries\STM32F4xx_StdPeriph_Driver\src\stm32f4xx_dcmi.c 0x00000000   Number         0  stm32f4xx_dcmi.o ABSOLUTE
    ..\Libraries\STM32F4xx_StdPeriph_Driver\src\stm32f4xx_dfsdm.c 0x00000000   Number         0  stm32f4xx_dfsdm.o ABSOLUTE
    ..\Libraries\STM32F4xx_StdPeriph_Driver\src\stm32f4xx_dma.c 0x00000000   Number         0  stm32f4xx_dma.o ABSOLUTE
    ..\Libraries\STM32F4xx_StdPeriph_Driver\src\stm32f4xx_dma2d.c 0x00000000   Number         0  stm32f4xx_dma2d.o ABSOLUTE
    ..\Libraries\STM32F4xx_StdPeriph_Driver\src\stm32f4xx_dsi.c 0x00000000   Number         0  stm32f4xx_dsi.o ABSOLUTE
    ..\Libraries\STM32F4xx_StdPeriph_Driver\src\stm32f4xx_exti.c 0x00000000   Number         0  stm32f4xx_exti.o ABSOLUTE
    ..\Libraries\STM32F4xx_StdPeriph_Driver\src\stm32f4xx_flash.c 0x00000000   Number         0  stm32f4xx_flash.o ABSOLUTE
    ..\Libraries\STM32F4xx_StdPeriph_Driver\src\stm32f4xx_flash_ramfunc.c 0x00000000   Number         0  stm32f4xx_flash_ramfunc.o ABSOLUTE
    ..\Libraries\STM32F4xx_StdPeriph_Driver\src\stm32f4xx_fmpi2c.c 0x00000000   Number         0  stm32f4xx_fmpi2c.o ABSOLUTE
    ..\Libraries\STM32F4xx_StdPeriph_Driver\src\stm32f4xx_gpio.c 0x00000000   Number         0  stm32f4xx_gpio.o ABSOLUTE
    ..\Libraries\STM32F4xx_StdPeriph_Driver\src\stm32f4xx_hash.c 0x00000000   Number         0  stm32f4xx_hash.o ABSOLUTE
    ..\Libraries\STM32F4xx_StdPeriph_Driver\src\stm32f4xx_hash_md5.c 0x00000000   Number         0  stm32f4xx_hash_md5.o ABSOLUTE
    ..\Libraries\STM32F4xx_StdPeriph_Driver\src\stm32f4xx_hash_sha1.c 0x00000000   Number         0  stm32f4xx_hash_sha1.o ABSOLUTE
    ..\Libraries\STM32F4xx_StdPeriph_Driver\src\stm32f4xx_i2c.c 0x00000000   Number         0  stm32f4xx_i2c.o ABSOLUTE
    ..\Libraries\STM32F4xx_StdPeriph_Driver\src\stm32f4xx_iwdg.c 0x00000000   Number         0  stm32f4xx_iwdg.o ABSOLUTE
    ..\Libraries\STM32F4xx_StdPeriph_Driver\src\stm32f4xx_lptim.c 0x00000000   Number         0  stm32f4xx_lptim.o ABSOLUTE
    ..\Libraries\STM32F4xx_StdPeriph_Driver\src\stm32f4xx_ltdc.c 0x00000000   Number         0  stm32f4xx_ltdc.o ABSOLUTE
    ..\Libraries\STM32F4xx_StdPeriph_Driver\src\stm32f4xx_pwr.c 0x00000000   Number         0  stm32f4xx_pwr.o ABSOLUTE
    ..\Libraries\STM32F4xx_StdPeriph_Driver\src\stm32f4xx_qspi.c 0x00000000   Number         0  stm32f4xx_qspi.o ABSOLUTE
    ..\Libraries\STM32F4xx_StdPeriph_Driver\src\stm32f4xx_rcc.c 0x00000000   Number         0  stm32f4xx_rcc.o ABSOLUTE
    ..\Libraries\STM32F4xx_StdPeriph_Driver\src\stm32f4xx_rng.c 0x00000000   Number         0  stm32f4xx_rng.o ABSOLUTE
    ..\Libraries\STM32F4xx_StdPeriph_Driver\src\stm32f4xx_rtc.c 0x00000000   Number         0  stm32f4xx_rtc.o ABSOLUTE
    ..\Libraries\STM32F4xx_StdPeriph_Driver\src\stm32f4xx_sai.c 0x00000000   Number         0  stm32f4xx_sai.o ABSOLUTE
    ..\Libraries\STM32F4xx_StdPeriph_Driver\src\stm32f4xx_sdio.c 0x00000000   Number         0  stm32f4xx_sdio.o ABSOLUTE
    ..\Libraries\STM32F4xx_StdPeriph_Driver\src\stm32f4xx_spdifrx.c 0x00000000   Number         0  stm32f4xx_spdifrx.o ABSOLUTE
    ..\Libraries\STM32F4xx_StdPeriph_Driver\src\stm32f4xx_spi.c 0x00000000   Number         0  stm32f4xx_spi.o ABSOLUTE
    ..\Libraries\STM32F4xx_StdPeriph_Driver\src\stm32f4xx_syscfg.c 0x00000000   Number         0  stm32f4xx_syscfg.o ABSOLUTE
    ..\Libraries\STM32F4xx_StdPeriph_Driver\src\stm32f4xx_tim.c 0x00000000   Number         0  stm32f4xx_tim.o ABSOLUTE
    ..\Libraries\STM32F4xx_StdPeriph_Driver\src\stm32f4xx_usart.c 0x00000000   Number         0  stm32f4xx_usart.o ABSOLUTE
    ..\Libraries\STM32F4xx_StdPeriph_Driver\src\stm32f4xx_wwdg.c 0x00000000   Number         0  stm32f4xx_wwdg.o ABSOLUTE
    ..\\Libraries\\CMSIS\\Device\\ST\\STM32F4xx\\Source\\Templates\\system_stm32f4xx.c 0x00000000   Number         0  system_stm32f4xx.o ABSOLUTE
    ..\\Libraries\\STM32F4xx_StdPeriph_Driver\\src\\misc.c 0x00000000   Number         0  misc.o ABSOLUTE
    ..\\Libraries\\STM32F4xx_StdPeriph_Driver\\src\\stm32f4xx_adc.c 0x00000000   Number         0  stm32f4xx_adc.o ABSOLUTE
    ..\\Libraries\\STM32F4xx_StdPeriph_Driver\\src\\stm32f4xx_can.c 0x00000000   Number         0  stm32f4xx_can.o ABSOLUTE
    ..\\Libraries\\STM32F4xx_StdPeriph_Driver\\src\\stm32f4xx_cec.c 0x00000000   Number         0  stm32f4xx_cec.o ABSOLUTE
    ..\\Libraries\\STM32F4xx_StdPeriph_Driver\\src\\stm32f4xx_crc.c 0x00000000   Number         0  stm32f4xx_crc.o ABSOLUTE
    ..\\Libraries\\STM32F4xx_StdPeriph_Driver\\src\\stm32f4xx_cryp.c 0x00000000   Number         0  stm32f4xx_cryp.o ABSOLUTE
    ..\\Libraries\\STM32F4xx_StdPeriph_Driver\\src\\stm32f4xx_cryp_aes.c 0x00000000   Number         0  stm32f4xx_cryp_aes.o ABSOLUTE
    ..\\Libraries\\STM32F4xx_StdPeriph_Driver\\src\\stm32f4xx_cryp_des.c 0x00000000   Number         0  stm32f4xx_cryp_des.o ABSOLUTE
    ..\\Libraries\\STM32F4xx_StdPeriph_Driver\\src\\stm32f4xx_cryp_tdes.c 0x00000000   Number         0  stm32f4xx_cryp_tdes.o ABSOLUTE
    ..\\Libraries\\STM32F4xx_StdPeriph_Driver\\src\\stm32f4xx_dac.c 0x00000000   Number         0  stm32f4xx_dac.o ABSOLUTE
    ..\\Libraries\\STM32F4xx_StdPeriph_Driver\\src\\stm32f4xx_dbgmcu.c 0x00000000   Number         0  stm32f4xx_dbgmcu.o ABSOLUTE
    ..\\Libraries\\STM32F4xx_StdPeriph_Driver\\src\\stm32f4xx_dcmi.c 0x00000000   Number         0  stm32f4xx_dcmi.o ABSOLUTE
    ..\\Libraries\\STM32F4xx_StdPeriph_Driver\\src\\stm32f4xx_dfsdm.c 0x00000000   Number         0  stm32f4xx_dfsdm.o ABSOLUTE
    ..\\Libraries\\STM32F4xx_StdPeriph_Driver\\src\\stm32f4xx_dma.c 0x00000000   Number         0  stm32f4xx_dma.o ABSOLUTE
    ..\\Libraries\\STM32F4xx_StdPeriph_Driver\\src\\stm32f4xx_dma2d.c 0x00000000   Number         0  stm32f4xx_dma2d.o ABSOLUTE
    ..\\Libraries\\STM32F4xx_StdPeriph_Driver\\src\\stm32f4xx_dsi.c 0x00000000   Number         0  stm32f4xx_dsi.o ABSOLUTE
    ..\\Libraries\\STM32F4xx_StdPeriph_Driver\\src\\stm32f4xx_exti.c 0x00000000   Number         0  stm32f4xx_exti.o ABSOLUTE
    ..\\Libraries\\STM32F4xx_StdPeriph_Driver\\src\\stm32f4xx_flash.c 0x00000000   Number         0  stm32f4xx_flash.o ABSOLUTE
    ..\\Libraries\\STM32F4xx_StdPeriph_Driver\\src\\stm32f4xx_flash_ramfunc.c 0x00000000   Number         0  stm32f4xx_flash_ramfunc.o ABSOLUTE
    ..\\Libraries\\STM32F4xx_StdPeriph_Driver\\src\\stm32f4xx_fmpi2c.c 0x00000000   Number         0  stm32f4xx_fmpi2c.o ABSOLUTE
    ..\\Libraries\\STM32F4xx_StdPeriph_Driver\\src\\stm32f4xx_gpio.c 0x00000000   Number         0  stm32f4xx_gpio.o ABSOLUTE
    ..\\Libraries\\STM32F4xx_StdPeriph_Driver\\src\\stm32f4xx_hash.c 0x00000000   Number         0  stm32f4xx_hash.o ABSOLUTE
    ..\\Libraries\\STM32F4xx_StdPeriph_Driver\\src\\stm32f4xx_hash_md5.c 0x00000000   Number         0  stm32f4xx_hash_md5.o ABSOLUTE
    ..\\Libraries\\STM32F4xx_StdPeriph_Driver\\src\\stm32f4xx_hash_sha1.c 0x00000000   Number         0  stm32f4xx_hash_sha1.o ABSOLUTE
    ..\\Libraries\\STM32F4xx_StdPeriph_Driver\\src\\stm32f4xx_i2c.c 0x00000000   Number         0  stm32f4xx_i2c.o ABSOLUTE
    ..\\Libraries\\STM32F4xx_StdPeriph_Driver\\src\\stm32f4xx_iwdg.c 0x00000000   Number         0  stm32f4xx_iwdg.o ABSOLUTE
    ..\\Libraries\\STM32F4xx_StdPeriph_Driver\\src\\stm32f4xx_lptim.c 0x00000000   Number         0  stm32f4xx_lptim.o ABSOLUTE
    ..\\Libraries\\STM32F4xx_StdPeriph_Driver\\src\\stm32f4xx_ltdc.c 0x00000000   Number         0  stm32f4xx_ltdc.o ABSOLUTE
    ..\\Libraries\\STM32F4xx_StdPeriph_Driver\\src\\stm32f4xx_pwr.c 0x00000000   Number         0  stm32f4xx_pwr.o ABSOLUTE
    ..\\Libraries\\STM32F4xx_StdPeriph_Driver\\src\\stm32f4xx_qspi.c 0x00000000   Number         0  stm32f4xx_qspi.o ABSOLUTE
    ..\\Libraries\\STM32F4xx_StdPeriph_Driver\\src\\stm32f4xx_rcc.c 0x00000000   Number         0  stm32f4xx_rcc.o ABSOLUTE
    ..\\Libraries\\STM32F4xx_StdPeriph_Driver\\src\\stm32f4xx_rng.c 0x00000000   Number         0  stm32f4xx_rng.o ABSOLUTE
    ..\\Libraries\\STM32F4xx_StdPeriph_Driver\\src\\stm32f4xx_rtc.c 0x00000000   Number         0  stm32f4xx_rtc.o ABSOLUTE
    ..\\Libraries\\STM32F4xx_StdPeriph_Driver\\src\\stm32f4xx_sai.c 0x00000000   Number         0  stm32f4xx_sai.o ABSOLUTE
    ..\\Libraries\\STM32F4xx_StdPeriph_Driver\\src\\stm32f4xx_sdio.c 0x00000000   Number         0  stm32f4xx_sdio.o ABSOLUTE
    ..\\Libraries\\STM32F4xx_StdPeriph_Driver\\src\\stm32f4xx_spdifrx.c 0x00000000   Number         0  stm32f4xx_spdifrx.o ABSOLUTE
    ..\\Libraries\\STM32F4xx_StdPeriph_Driver\\src\\stm32f4xx_spi.c 0x00000000   Number         0  stm32f4xx_spi.o ABSOLUTE
    ..\\Libraries\\STM32F4xx_StdPeriph_Driver\\src\\stm32f4xx_syscfg.c 0x00000000   Number         0  stm32f4xx_syscfg.o ABSOLUTE
    ..\\Libraries\\STM32F4xx_StdPeriph_Driver\\src\\stm32f4xx_tim.c 0x00000000   Number         0  stm32f4xx_tim.o ABSOLUTE
    ..\\Libraries\\STM32F4xx_StdPeriph_Driver\\src\\stm32f4xx_usart.c 0x00000000   Number         0  stm32f4xx_usart.o ABSOLUTE
    ..\\Libraries\\STM32F4xx_StdPeriph_Driver\\src\\stm32f4xx_wwdg.c 0x00000000   Number         0  stm32f4xx_wwdg.o ABSOLUTE
    LED.c                                    0x00000000   Number         0  led.o ABSOLUTE
    LED.c                                    0x00000000   Number         0  led.o ABSOLUTE
    USART.c                                  0x00000000   Number         0  usart.o ABSOLUTE
    USART.c                                  0x00000000   Number         0  usart.o ABSOLUTE
    cdrcmple.s                               0x00000000   Number         0  cdrcmple.o ABSOLUTE
    clkConfig.c                              0x00000000   Number         0  clkconfig.o ABSOLUTE
    clkConfig.c                              0x00000000   Number         0  clkconfig.o ABSOLUTE
    codetab.c                                0x00000000   Number         0  codetab.o ABSOLUTE
    dc.s                                     0x00000000   Number         0  dc.o ABSOLUTE
    handlers.s                               0x00000000   Number         0  handlers.o ABSOLUTE
    hm10.c                                   0x00000000   Number         0  hm10.o ABSOLUTE
    hm10.c                                   0x00000000   Number         0  hm10.o ABSOLUTE
    hmc5883l.c                               0x00000000   Number         0  hmc5883l.o ABSOLUTE
    hmc5883l.c                               0x00000000   Number         0  hmc5883l.o ABSOLUTE
    i2c.c                                    0x00000000   Number         0  i2c.o ABSOLUTE
    i2c.c                                    0x00000000   Number         0  i2c.o ABSOLUTE
    init.s                                   0x00000000   Number         0  init.o ABSOLUTE
    main.c                                   0x00000000   Number         0  main.o ABSOLUTE
    main.c                                   0x00000000   Number         0  main.o ABSOLUTE
    motor.c                                  0x00000000   Number         0  motor.o ABSOLUTE
    motor.c                                  0x00000000   Number         0  motor.o ABSOLUTE
    mpu6050.c                                0x00000000   Number         0  mpu6050.o ABSOLUTE
    mpu6050.c                                0x00000000   Number         0  mpu6050.o ABSOLUTE
    newi2c.c                                 0x00000000   Number         0  newi2c.o ABSOLUTE
    newi2c.c                                 0x00000000   Number         0  newi2c.o ABSOLUTE
    oled.c                                   0x00000000   Number         0  oled.o ABSOLUTE
    oled.c                                   0x00000000   Number         0  oled.o ABSOLUTE
    receiver.c                               0x00000000   Number         0  receiver.o ABSOLUTE
    receiver.c                               0x00000000   Number         0  receiver.o ABSOLUTE
    stm32f4xx_it.c                           0x00000000   Number         0  stm32f4xx_it.o ABSOLUTE
    stm32f4xx_it.c                           0x00000000   Number         0  stm32f4xx_it.o ABSOLUTE
    sysTick.c                                0x00000000   Number         0  systick.o ABSOLUTE
    sysTick.c                                0x00000000   Number         0  systick.o ABSOLUTE
    tim.c                                    0x00000000   Number         0  tim.o ABSOLUTE
    tim.c                                    0x00000000   Number         0  tim.o ABSOLUTE
    RESET                                    0x08000000   Section      404  startup_stm32f401xx.o(RESET)
    .ARM.Collect$$$$00000000                 0x08000194   Section        0  entry.o(.ARM.Collect$$$$00000000)
    .ARM.Collect$$$$00000001                 0x08000194   Section        4  entry2.o(.ARM.Collect$$$$00000001)
    .ARM.Collect$$$$00000004                 0x08000198   Section        4  entry5.o(.ARM.Collect$$$$00000004)
    .ARM.Collect$$$$00000008                 0x0800019c   Section        0  entry7b.o(.ARM.Collect$$$$00000008)
    .ARM.Collect$$$$0000000A                 0x0800019c   Section        0  entry8b.o(.ARM.Collect$$$$0000000A)
    .ARM.Collect$$$$0000000B                 0x0800019c   Section        8  entry9a.o(.ARM.Collect$$$$0000000B)
    .ARM.Collect$$$$0000000E                 0x080001a4   Section        4  entry12b.o(.ARM.Collect$$$$0000000E)
    .ARM.Collect$$$$0000000F                 0x080001a8   Section        0  entry10a.o(.ARM.Collect$$$$0000000F)
    .ARM.Collect$$$$00000011                 0x080001a8   Section        0  entry11a.o(.ARM.Collect$$$$00000011)
    .ARM.Collect$$$$00002712                 0x080001a8   Section        4  entry2.o(.ARM.Collect$$$$00002712)
    __lit__00000000                          0x080001a8   Data           4  entry2.o(.ARM.Collect$$$$00002712)
    .text                                    0x080001ac   Section       36  startup_stm32f401xx.o(.text)
    $v0                                      0x080001ac   Number         0  startup_stm32f401xx.o(.text)
    .text                                    0x080001d0   Section        0  dadd.o(.text)
    .text                                    0x0800031e   Section        0  dmul.o(.text)
    .text                                    0x08000402   Section        0  ddiv.o(.text)
    .text                                    0x080004e0   Section        0  dflti.o(.text)
    .text                                    0x08000502   Section        0  dfixui.o(.text)
    .text                                    0x08000534   Section        0  f2d.o(.text)
    .text                                    0x0800055c   Section       48  cdrcmple.o(.text)
    .text                                    0x0800058c   Section        0  d2f.o(.text)
    .text                                    0x080005c4   Section        0  uidiv.o(.text)
    .text                                    0x080005f0   Section        0  uldiv.o(.text)
    .text                                    0x08000652   Section        0  llshl.o(.text)
    .text                                    0x08000670   Section        0  llushr.o(.text)
    .text                                    0x08000690   Section        0  llsshr.o(.text)
    .text                                    0x080006b4   Section        0  iusefp.o(.text)
    .text                                    0x080006b4   Section        0  fepilogue.o(.text)
    .text                                    0x08000722   Section        0  depilogue.o(.text)
    .text                                    0x080007dc   Section        0  dfixul.o(.text)
    .text                                    0x0800080c   Section       36  init.o(.text)
    i.Delay_ms                               0x08000830   Section        0  systick.o(i.Delay_ms)
    i.Delay_s                                0x08000848   Section        0  systick.o(i.Delay_s)
    i.GPIO_Init                              0x08000860   Section        0  stm32f4xx_gpio.o(i.GPIO_Init)
    i.GPIO_PinAFConfig                       0x080008f0   Section        0  stm32f4xx_gpio.o(i.GPIO_PinAFConfig)
    i.GPIO_SetBits                           0x08000936   Section        0  stm32f4xx_gpio.o(i.GPIO_SetBits)
    i.GY86_Init                              0x0800093a   Section        0  hmc5883l.o(i.GY86_Init)
    i.HM10_Config                            0x08000960   Section        0  hm10.o(i.HM10_Config)
    i.HMC5883L_ReadData                      0x08000968   Section        0  hmc5883l.o(i.HMC5883L_ReadData)
    i.HMC5883L_WriteReg                      0x08000988   Section        0  hmc5883l.o(i.HMC5883L_WriteReg)
    i.HMC5884LReadMe                         0x080009a0   Section        0  hmc5883l.o(i.HMC5884LReadMe)
    i.HMC_Init                               0x080009e0   Section        0  hmc5883l.o(i.HMC_Init)
    i.HardFault_Handler                      0x080009fc   Section        0  stm32f4xx_it.o(i.HardFault_Handler)
    i.I2C1_Init                              0x08000a00   Section        0  i2c.o(i.I2C1_Init)
    i.I2C3_Configuration                     0x08000aa8   Section        0  i2c.o(i.I2C3_Configuration)
    i.I2C_AcknowledgeConfig                  0x08000b6c   Section        0  stm32f4xx_i2c.o(i.I2C_AcknowledgeConfig)
    i.I2C_CheckEvent                         0x08000b84   Section        0  stm32f4xx_i2c.o(i.I2C_CheckEvent)
    i.I2C_Cmd                                0x08000bae   Section        0  stm32f4xx_i2c.o(i.I2C_Cmd)
    i.I2C_DeInit                             0x08000bc8   Section        0  stm32f4xx_i2c.o(i.I2C_DeInit)
    i.I2C_GenerateSTART                      0x08000c28   Section        0  stm32f4xx_i2c.o(i.I2C_GenerateSTART)
    i.I2C_GenerateSTOP                       0x08000c40   Section        0  stm32f4xx_i2c.o(i.I2C_GenerateSTOP)
    i.I2C_GetFlagStatus                      0x08000c58   Section        0  stm32f4xx_i2c.o(i.I2C_GetFlagStatus)
    i.I2C_Init                               0x08000c94   Section        0  stm32f4xx_i2c.o(i.I2C_Init)
    i.I2C_ReadData                           0x08000d7c   Section        0  newi2c.o(i.I2C_ReadData)
    i.I2C_ReceiveData                        0x08000e60   Section        0  stm32f4xx_i2c.o(i.I2C_ReceiveData)
    i.I2C_Send7bitAddress                    0x08000e68   Section        0  stm32f4xx_i2c.o(i.I2C_Send7bitAddress)
    i.I2C_SendData                           0x08000e78   Section        0  stm32f4xx_i2c.o(i.I2C_SendData)
    i.I2C_WriteByte                          0x08000e7c   Section        0  newi2c.o(i.I2C_WriteByte)
    i.MPU6050ReadAcc                         0x08000f0c   Section        0  mpu6050.o(i.MPU6050ReadAcc)
    i.MPU6050ReadGyro                        0x08000f4c   Section        0  mpu6050.o(i.MPU6050ReadGyro)
    i.MPU6050_Config                         0x08000f8c   Section        0  mpu6050.o(i.MPU6050_Config)
    i.MPU6050_Init                           0x08000f94   Section        0  mpu6050.o(i.MPU6050_Init)
    i.MPU6050_ReadData                       0x08000ffc   Section        0  mpu6050.o(i.MPU6050_ReadData)
    i.MPU6050_ReturnTemp                     0x08001018   Section        0  mpu6050.o(i.MPU6050_ReturnTemp)
    i.MPU6050_WriteReg                       0x08001084   Section        0  mpu6050.o(i.MPU6050_WriteReg)
    i.Motor_Config                           0x0800109c   Section        0  motor.o(i.Motor_Config)
    i.Motor_Set                              0x080010a4   Section        0  motor.o(i.Motor_Set)
    i.Motor_Unlock                           0x08001110   Section        0  motor.o(i.Motor_Unlock)
    i.NVIC_Configuration                     0x08001174   Section        0  usart.o(i.NVIC_Configuration)
    NVIC_Configuration                       0x08001175   Thumb Code    30  usart.o(i.NVIC_Configuration)
    i.NVIC_Init                              0x08001194   Section        0  misc.o(i.NVIC_Init)
    i.OLED_CLS                               0x0800120c   Section        0  oled.o(i.OLED_CLS)
    i.OLED_Config                            0x08001216   Section        0  oled.o(i.OLED_Config)
    i.OLED_Fill                              0x0800121e   Section        0  oled.o(i.OLED_Fill)
    i.OLED_Init                              0x08001258   Section        0  oled.o(i.OLED_Init)
    i.OLED_OFF                               0x0800130c   Section        0  oled.o(i.OLED_OFF)
    i.OLED_ON                                0x08001322   Section        0  oled.o(i.OLED_ON)
    i.OLED_SetPos                            0x08001338   Section        0  oled.o(i.OLED_SetPos)
    i.OLED_Set_Pos                           0x08001360   Section        0  oled.o(i.OLED_Set_Pos)
    i.OLED_ShowChar                          0x08001384   Section        0  oled.o(i.OLED_ShowChar)
    i.OLED_ShowNum                           0x08001420   Section        0  oled.o(i.OLED_ShowNum)
    i.OLED_ShowStr                           0x080014a8   Section        0  oled.o(i.OLED_ShowStr)
    i.OLED_Show_3num                         0x08001594   Section        0  oled.o(i.OLED_Show_3num)
    i.RCC_AHB1PeriphClockCmd                 0x080015d8   Section        0  stm32f4xx_rcc.o(i.RCC_AHB1PeriphClockCmd)
    i.RCC_APB1PeriphClockCmd                 0x080015f8   Section        0  stm32f4xx_rcc.o(i.RCC_APB1PeriphClockCmd)
    i.RCC_APB1PeriphResetCmd                 0x08001618   Section        0  stm32f4xx_rcc.o(i.RCC_APB1PeriphResetCmd)
    i.RCC_APB2PeriphClockCmd                 0x08001638   Section        0  stm32f4xx_rcc.o(i.RCC_APB2PeriphClockCmd)
    i.RCC_GetClocksFreq                      0x08001658   Section        0  stm32f4xx_rcc.o(i.RCC_GetClocksFreq)
    i.Receiver_Config                        0x08001740   Section        0  receiver.o(i.Receiver_Config)
    i.SetSysClock                            0x08001750   Section        0  system_stm32f4xx.o(i.SetSysClock)
    SetSysClock                              0x08001751   Thumb Code   216  system_stm32f4xx.o(i.SetSysClock)
    i.SysTick_Handler                        0x08001838   Section        0  stm32f4xx_it.o(i.SysTick_Handler)
    i.SystemInit                             0x0800188c   Section        0  system_stm32f4xx.o(i.SystemInit)
    i.TI1_Config                             0x080018f4   Section        0  stm32f4xx_tim.o(i.TI1_Config)
    TI1_Config                               0x080018f5   Thumb Code    58  stm32f4xx_tim.o(i.TI1_Config)
    i.TI2_Config                             0x0800192e   Section        0  stm32f4xx_tim.o(i.TI2_Config)
    TI2_Config                               0x0800192f   Thumb Code    80  stm32f4xx_tim.o(i.TI2_Config)
    i.TI3_Config                             0x0800197e   Section        0  stm32f4xx_tim.o(i.TI3_Config)
    TI3_Config                               0x0800197f   Thumb Code    72  stm32f4xx_tim.o(i.TI3_Config)
    i.TI4_Config                             0x080019c6   Section        0  stm32f4xx_tim.o(i.TI4_Config)
    TI4_Config                               0x080019c7   Thumb Code    80  stm32f4xx_tim.o(i.TI4_Config)
    i.TIM2_PWMOUTPUT_Config                  0x08001a18   Section        0  tim.o(i.TIM2_PWMOUTPUT_Config)
    i.TIM3_Cap_Init                          0x08001b28   Section        0  tim.o(i.TIM3_Cap_Init)
    i.TIM3_IRQHandler                        0x08001c84   Section        0  stm32f4xx_it.o(i.TIM3_IRQHandler)
    i.TIM_ClearITPendingBit                  0x08002074   Section        0  stm32f4xx_tim.o(i.TIM_ClearITPendingBit)
    i.TIM_Cmd                                0x0800207a   Section        0  stm32f4xx_tim.o(i.TIM_Cmd)
    i.TIM_GetCapture1                        0x08002092   Section        0  stm32f4xx_tim.o(i.TIM_GetCapture1)
    i.TIM_GetCapture2                        0x08002098   Section        0  stm32f4xx_tim.o(i.TIM_GetCapture2)
    i.TIM_GetCapture3                        0x0800209e   Section        0  stm32f4xx_tim.o(i.TIM_GetCapture3)
    i.TIM_GetCapture4                        0x080020a4   Section        0  stm32f4xx_tim.o(i.TIM_GetCapture4)
    i.TIM_GetITStatus                        0x080020aa   Section        0  stm32f4xx_tim.o(i.TIM_GetITStatus)
    i.TIM_ICInit                             0x080020cc   Section        0  stm32f4xx_tim.o(i.TIM_ICInit)
    i.TIM_ITConfig                           0x0800213a   Section        0  stm32f4xx_tim.o(i.TIM_ITConfig)
    i.TIM_OC1Init                            0x0800214c   Section        0  stm32f4xx_tim.o(i.TIM_OC1Init)
    i.TIM_OC1PolarityConfig                  0x080021c8   Section        0  stm32f4xx_tim.o(i.TIM_OC1PolarityConfig)
    i.TIM_OC1PreloadConfig                   0x080021da   Section        0  stm32f4xx_tim.o(i.TIM_OC1PreloadConfig)
    i.TIM_OC2Init                            0x080021ec   Section        0  stm32f4xx_tim.o(i.TIM_OC2Init)
    i.TIM_OC2PolarityConfig                  0x08002290   Section        0  stm32f4xx_tim.o(i.TIM_OC2PolarityConfig)
    i.TIM_OC2PreloadConfig                   0x080022aa   Section        0  stm32f4xx_tim.o(i.TIM_OC2PreloadConfig)
    i.TIM_OC3Init                            0x080022c4   Section        0  stm32f4xx_tim.o(i.TIM_OC3Init)
    i.TIM_OC3PolarityConfig                  0x08002364   Section        0  stm32f4xx_tim.o(i.TIM_OC3PolarityConfig)
    i.TIM_OC3PreloadConfig                   0x0800237e   Section        0  stm32f4xx_tim.o(i.TIM_OC3PreloadConfig)
    i.TIM_OC4Init                            0x08002390   Section        0  stm32f4xx_tim.o(i.TIM_OC4Init)
    i.TIM_OC4PolarityConfig                  0x08002408   Section        0  stm32f4xx_tim.o(i.TIM_OC4PolarityConfig)
    i.TIM_OC4PreloadConfig                   0x08002422   Section        0  stm32f4xx_tim.o(i.TIM_OC4PreloadConfig)
    i.TIM_SetCompare1                        0x0800243c   Section        0  stm32f4xx_tim.o(i.TIM_SetCompare1)
    i.TIM_SetCompare2                        0x08002440   Section        0  stm32f4xx_tim.o(i.TIM_SetCompare2)
    i.TIM_SetCompare3                        0x08002444   Section        0  stm32f4xx_tim.o(i.TIM_SetCompare3)
    i.TIM_SetCompare4                        0x08002448   Section        0  stm32f4xx_tim.o(i.TIM_SetCompare4)
    i.TIM_SetCounter                         0x0800244c   Section        0  stm32f4xx_tim.o(i.TIM_SetCounter)
    i.TIM_SetIC1Prescaler                    0x08002450   Section        0  stm32f4xx_tim.o(i.TIM_SetIC1Prescaler)
    i.TIM_SetIC2Prescaler                    0x08002462   Section        0  stm32f4xx_tim.o(i.TIM_SetIC2Prescaler)
    i.TIM_SetIC3Prescaler                    0x0800247c   Section        0  stm32f4xx_tim.o(i.TIM_SetIC3Prescaler)
    i.TIM_SetIC4Prescaler                    0x0800248e   Section        0  stm32f4xx_tim.o(i.TIM_SetIC4Prescaler)
    i.TIM_TimeBaseInit                       0x080024a8   Section        0  stm32f4xx_tim.o(i.TIM_TimeBaseInit)
    i.TimingDelay_Decrement                  0x0800252c   Section        0  systick.o(i.TimingDelay_Decrement)
    i.USART6_Config                          0x08002544   Section        0  usart.o(i.USART6_Config)
    i.USART6_IRQHandler                      0x080025e4   Section        0  stm32f4xx_it.o(i.USART6_IRQHandler)
    i.USART_Cmd                              0x080026b0   Section        0  stm32f4xx_usart.o(i.USART_Cmd)
    i.USART_GetFlagStatus                    0x080026c8   Section        0  stm32f4xx_usart.o(i.USART_GetFlagStatus)
    i.USART_GetITStatus                      0x080026e2   Section        0  stm32f4xx_usart.o(i.USART_GetITStatus)
    i.USART_ITConfig                         0x08002736   Section        0  stm32f4xx_usart.o(i.USART_ITConfig)
    i.USART_Init                             0x08002780   Section        0  stm32f4xx_usart.o(i.USART_Init)
    i.USART_ReceiveData                      0x08002854   Section        0  stm32f4xx_usart.o(i.USART_ReceiveData)
    i.USART_SendData                         0x0800285e   Section        0  stm32f4xx_usart.o(i.USART_SendData)
    i.WriteCmd                               0x08002868   Section        0  oled.o(i.WriteCmd)
    i.WriteDat                               0x08002880   Section        0  oled.o(i.WriteDat)
    i.__0printf                              0x08002898   Section        0  printfa.o(i.__0printf)
    i.__scatterload_copy                     0x080028b8   Section       14  handlers.o(i.__scatterload_copy)
    i.__scatterload_null                     0x080028c6   Section        2  handlers.o(i.__scatterload_null)
    i.__scatterload_zeroinit                 0x080028c8   Section       14  handlers.o(i.__scatterload_zeroinit)
    i._fp_digits                             0x080028d8   Section        0  printfa.o(i._fp_digits)
    _fp_digits                               0x080028d9   Thumb Code   366  printfa.o(i._fp_digits)
    i._printf_core                           0x08002a5c   Section        0  printfa.o(i._printf_core)
    _printf_core                             0x08002a5d   Thumb Code  1704  printfa.o(i._printf_core)
    i._printf_post_padding                   0x08003110   Section        0  printfa.o(i._printf_post_padding)
    _printf_post_padding                     0x08003111   Thumb Code    36  printfa.o(i._printf_post_padding)
    i._printf_pre_padding                    0x08003134   Section        0  printfa.o(i._printf_pre_padding)
    _printf_pre_padding                      0x08003135   Thumb Code    46  printfa.o(i._printf_pre_padding)
    i.fputc                                  0x08003164   Section        0  hm10.o(i.fputc)
    i.main                                   0x08003188   Section        0  main.o(i.main)
    i.oled_pow                               0x0800352c   Section        0  oled.o(i.oled_pow)
    .constdata                               0x08003542   Section     2072  codetab.o(.constdata)
    .data                                    0x20000000   Section       16  stm32f4xx_rcc.o(.data)
    APBAHBPrescTable                         0x20000000   Data          16  stm32f4xx_rcc.o(.data)
    .data                                    0x20000010   Section        7  stm32f4xx_it.o(.data)
    .data                                    0x20000018   Section        8  systick.o(.data)
    TimingDelay                              0x20000018   Data           4  systick.o(.data)
    g_ul_ms_ticks                            0x2000001c   Data           4  systick.o(.data)
    .data                                    0x20000020   Section        4  stdout.o(.data)
    .bss                                     0x20000024   Section       12  main.o(.bss)
    .bss                                     0x20000030   Section       96  stm32f4xx_it.o(.bss)
    STACK                                    0x20000090   Section     1024  startup_stm32f401xx.o(STACK)

    Global Symbols

    Symbol Name                              Value     Ov Type        Size  Object(Section)

    BuildAttributes$$THM_ISAv4$E$P$D$K$B$S$7EM$VFPi3$EXTD16$VFPS$VFMA$PE$A:L22UL41UL21$X:L11$S22US41US21$IEEE1$IW$USESV6$~STKCKD$USESV7$~SHL$OTIME$ROPI$EBA8$MICROLIB$REQ8$PRES8$EABIv2 0x00000000   Number         0  anon$$obj.o ABSOLUTE
    __ARM_use_no_argv                        0x00000000   Number         0  main.o ABSOLUTE
    _printf_a                                0x00000000   Number         0  stubs.o ABSOLUTE
    _printf_c                                0x00000000   Number         0  stubs.o ABSOLUTE
    _printf_charcount                        0x00000000   Number         0  stubs.o ABSOLUTE
    _printf_d                                0x00000000   Number         0  stubs.o ABSOLUTE
    _printf_e                                0x00000000   Number         0  stubs.o ABSOLUTE
    _printf_f                                0x00000000   Number         0  stubs.o ABSOLUTE
    _printf_flags                            0x00000000   Number         0  stubs.o ABSOLUTE
    _printf_fp_dec                           0x00000000   Number         0  stubs.o ABSOLUTE
    _printf_fp_hex                           0x00000000   Number         0  stubs.o ABSOLUTE
    _printf_g                                0x00000000   Number         0  stubs.o ABSOLUTE
    _printf_i                                0x00000000   Number         0  stubs.o ABSOLUTE
    _printf_int_dec                          0x00000000   Number         0  stubs.o ABSOLUTE
    _printf_l                                0x00000000   Number         0  stubs.o ABSOLUTE
    _printf_lc                               0x00000000   Number         0  stubs.o ABSOLUTE
    _printf_ll                               0x00000000   Number         0  stubs.o ABSOLUTE
    _printf_lld                              0x00000000   Number         0  stubs.o ABSOLUTE
    _printf_lli                              0x00000000   Number         0  stubs.o ABSOLUTE
    _printf_llo                              0x00000000   Number         0  stubs.o ABSOLUTE
    _printf_llu                              0x00000000   Number         0  stubs.o ABSOLUTE
    _printf_llx                              0x00000000   Number         0  stubs.o ABSOLUTE
    _printf_longlong_dec                     0x00000000   Number         0  stubs.o ABSOLUTE
    _printf_longlong_hex                     0x00000000   Number         0  stubs.o ABSOLUTE
    _printf_longlong_oct                     0x00000000   Number         0  stubs.o ABSOLUTE
    _printf_ls                               0x00000000   Number         0  stubs.o ABSOLUTE
    _printf_mbtowc                           0x00000000   Number         0  stubs.o ABSOLUTE
    _printf_n                                0x00000000   Number         0  stubs.o ABSOLUTE
    _printf_o                                0x00000000   Number         0  stubs.o ABSOLUTE
    _printf_p                                0x00000000   Number         0  stubs.o ABSOLUTE
    _printf_percent                          0x00000000   Number         0  stubs.o ABSOLUTE
    _printf_pre_padding                      0x00000000   Number         0  stubs.o ABSOLUTE
    _printf_return_value                     0x00000000   Number         0  stubs.o ABSOLUTE
    _printf_s                                0x00000000   Number         0  stubs.o ABSOLUTE
    _printf_sizespec                         0x00000000   Number         0  stubs.o ABSOLUTE
    _printf_str                              0x00000000   Number         0  stubs.o ABSOLUTE
    _printf_truncate_signed                  0x00000000   Number         0  stubs.o ABSOLUTE
    _printf_truncate_unsigned                0x00000000   Number         0  stubs.o ABSOLUTE
    _printf_u                                0x00000000   Number         0  stubs.o ABSOLUTE
    _printf_wc                               0x00000000   Number         0  stubs.o ABSOLUTE
    _printf_wctomb                           0x00000000   Number         0  stubs.o ABSOLUTE
    _printf_widthprec                        0x00000000   Number         0  stubs.o ABSOLUTE
    _printf_x                                0x00000000   Number         0  stubs.o ABSOLUTE
    __arm_fini_                               - Undefined Weak Reference
    __cpp_initialize__aeabi_                  - Undefined Weak Reference
    __cxa_finalize                            - Undefined Weak Reference
    __decompress                              - Undefined Weak Reference
    _clock_init                               - Undefined Weak Reference
    _microlib_exit                            - Undefined Weak Reference
    __Vectors_Size                           0x00000194   Number         0  startup_stm32f401xx.o ABSOLUTE
    __Vectors                                0x08000000   Data           4  startup_stm32f401xx.o(RESET)
    __Vectors_End                            0x08000194   Data           0  startup_stm32f401xx.o(RESET)
    __main                                   0x08000195   Thumb Code     0  entry.o(.ARM.Collect$$$$00000000)
    _main_stk                                0x08000195   Thumb Code     0  entry2.o(.ARM.Collect$$$$00000001)
    _main_scatterload                        0x08000199   Thumb Code     0  entry5.o(.ARM.Collect$$$$00000004)
    __main_after_scatterload                 0x0800019d   Thumb Code     0  entry5.o(.ARM.Collect$$$$00000004)
    _main_clock                              0x0800019d   Thumb Code     0  entry7b.o(.ARM.Collect$$$$00000008)
    _main_cpp_init                           0x0800019d   Thumb Code     0  entry8b.o(.ARM.Collect$$$$0000000A)
    _main_init                               0x0800019d   Thumb Code     0  entry9a.o(.ARM.Collect$$$$0000000B)
    __rt_lib_shutdown_fini                   0x080001a5   Thumb Code     0  entry12b.o(.ARM.Collect$$$$0000000E)
    __rt_final_cpp                           0x080001a9   Thumb Code     0  entry10a.o(.ARM.Collect$$$$0000000F)
    __rt_final_exit                          0x080001a9   Thumb Code     0  entry11a.o(.ARM.Collect$$$$00000011)
    Reset_Handler                            0x080001ad   Thumb Code     8  startup_stm32f401xx.o(.text)
    NMI_Handler                              0x080001b5   Thumb Code     2  startup_stm32f401xx.o(.text)
    MemManage_Handler                        0x080001b9   Thumb Code     2  startup_stm32f401xx.o(.text)
    BusFault_Handler                         0x080001bb   Thumb Code     2  startup_stm32f401xx.o(.text)
    UsageFault_Handler                       0x080001bd   Thumb Code     2  startup_stm32f401xx.o(.text)
    SVC_Handler                              0x080001bf   Thumb Code     2  startup_stm32f401xx.o(.text)
    DebugMon_Handler                         0x080001c1   Thumb Code     2  startup_stm32f401xx.o(.text)
    PendSV_Handler                           0x080001c3   Thumb Code     2  startup_stm32f401xx.o(.text)
    ADC_IRQHandler                           0x080001c7   Thumb Code     0  startup_stm32f401xx.o(.text)
    DMA1_Stream0_IRQHandler                  0x080001c7   Thumb Code     0  startup_stm32f401xx.o(.text)
    DMA1_Stream1_IRQHandler                  0x080001c7   Thumb Code     0  startup_stm32f401xx.o(.text)
    DMA1_Stream2_IRQHandler                  0x080001c7   Thumb Code     0  startup_stm32f401xx.o(.text)
    DMA1_Stream3_IRQHandler                  0x080001c7   Thumb Code     0  startup_stm32f401xx.o(.text)
    DMA1_Stream4_IRQHandler                  0x080001c7   Thumb Code     0  startup_stm32f401xx.o(.text)
    DMA1_Stream5_IRQHandler                  0x080001c7   Thumb Code     0  startup_stm32f401xx.o(.text)
    DMA1_Stream6_IRQHandler                  0x080001c7   Thumb Code     0  startup_stm32f401xx.o(.text)
    DMA1_Stream7_IRQHandler                  0x080001c7   Thumb Code     0  startup_stm32f401xx.o(.text)
    DMA2_Stream0_IRQHandler                  0x080001c7   Thumb Code     0  startup_stm32f401xx.o(.text)
    DMA2_Stream1_IRQHandler                  0x080001c7   Thumb Code     0  startup_stm32f401xx.o(.text)
    DMA2_Stream2_IRQHandler                  0x080001c7   Thumb Code     0  startup_stm32f401xx.o(.text)
    DMA2_Stream3_IRQHandler                  0x080001c7   Thumb Code     0  startup_stm32f401xx.o(.text)
    DMA2_Stream4_IRQHandler                  0x080001c7   Thumb Code     0  startup_stm32f401xx.o(.text)
    DMA2_Stream5_IRQHandler                  0x080001c7   Thumb Code     0  startup_stm32f401xx.o(.text)
    DMA2_Stream6_IRQHandler                  0x080001c7   Thumb Code     0  startup_stm32f401xx.o(.text)
    DMA2_Stream7_IRQHandler                  0x080001c7   Thumb Code     0  startup_stm32f401xx.o(.text)
    EXTI0_IRQHandler                         0x080001c7   Thumb Code     0  startup_stm32f401xx.o(.text)
    EXTI15_10_IRQHandler                     0x080001c7   Thumb Code     0  startup_stm32f401xx.o(.text)
    EXTI1_IRQHandler                         0x080001c7   Thumb Code     0  startup_stm32f401xx.o(.text)
    EXTI2_IRQHandler                         0x080001c7   Thumb Code     0  startup_stm32f401xx.o(.text)
    EXTI3_IRQHandler                         0x080001c7   Thumb Code     0  startup_stm32f401xx.o(.text)
    EXTI4_IRQHandler                         0x080001c7   Thumb Code     0  startup_stm32f401xx.o(.text)
    EXTI9_5_IRQHandler                       0x080001c7   Thumb Code     0  startup_stm32f401xx.o(.text)
    FLASH_IRQHandler                         0x080001c7   Thumb Code     0  startup_stm32f401xx.o(.text)
    FPU_IRQHandler                           0x080001c7   Thumb Code     0  startup_stm32f401xx.o(.text)
    I2C1_ER_IRQHandler                       0x080001c7   Thumb Code     0  startup_stm32f401xx.o(.text)
    I2C1_EV_IRQHandler                       0x080001c7   Thumb Code     0  startup_stm32f401xx.o(.text)
    I2C2_ER_IRQHandler                       0x080001c7   Thumb Code     0  startup_stm32f401xx.o(.text)
    I2C2_EV_IRQHandler                       0x080001c7   Thumb Code     0  startup_stm32f401xx.o(.text)
    I2C3_ER_IRQHandler                       0x080001c7   Thumb Code     0  startup_stm32f401xx.o(.text)
    I2C3_EV_IRQHandler                       0x080001c7   Thumb Code     0  startup_stm32f401xx.o(.text)
    OTG_FS_IRQHandler                        0x080001c7   Thumb Code     0  startup_stm32f401xx.o(.text)
    OTG_FS_WKUP_IRQHandler                   0x080001c7   Thumb Code     0  startup_stm32f401xx.o(.text)
    PVD_IRQHandler                           0x080001c7   Thumb Code     0  startup_stm32f401xx.o(.text)
    RCC_IRQHandler                           0x080001c7   Thumb Code     0  startup_stm32f401xx.o(.text)
    RTC_Alarm_IRQHandler                     0x080001c7   Thumb Code     0  startup_stm32f401xx.o(.text)
    RTC_WKUP_IRQHandler                      0x080001c7   Thumb Code     0  startup_stm32f401xx.o(.text)
    SDIO_IRQHandler                          0x080001c7   Thumb Code     0  startup_stm32f401xx.o(.text)
    SPI1_IRQHandler                          0x080001c7   Thumb Code     0  startup_stm32f401xx.o(.text)
    SPI2_IRQHandler                          0x080001c7   Thumb Code     0  startup_stm32f401xx.o(.text)
    SPI3_IRQHandler                          0x080001c7   Thumb Code     0  startup_stm32f401xx.o(.text)
    SPI4_IRQHandler                          0x080001c7   Thumb Code     0  startup_stm32f401xx.o(.text)
    TAMP_STAMP_IRQHandler                    0x080001c7   Thumb Code     0  startup_stm32f401xx.o(.text)
    TIM1_BRK_TIM9_IRQHandler                 0x080001c7   Thumb Code     0  startup_stm32f401xx.o(.text)
    TIM1_CC_IRQHandler                       0x080001c7   Thumb Code     0  startup_stm32f401xx.o(.text)
    TIM1_TRG_COM_TIM11_IRQHandler            0x080001c7   Thumb Code     0  startup_stm32f401xx.o(.text)
    TIM1_UP_TIM10_IRQHandler                 0x080001c7   Thumb Code     0  startup_stm32f401xx.o(.text)
    TIM2_IRQHandler                          0x080001c7   Thumb Code     0  startup_stm32f401xx.o(.text)
    TIM4_IRQHandler                          0x080001c7   Thumb Code     0  startup_stm32f401xx.o(.text)
    TIM5_IRQHandler                          0x080001c7   Thumb Code     0  startup_stm32f401xx.o(.text)
    USART1_IRQHandler                        0x080001c7   Thumb Code     0  startup_stm32f401xx.o(.text)
    USART2_IRQHandler                        0x080001c7   Thumb Code     0  startup_stm32f401xx.o(.text)
    WWDG_IRQHandler                          0x080001c7   Thumb Code     0  startup_stm32f401xx.o(.text)
    __aeabi_dadd                             0x080001d1   Thumb Code   322  dadd.o(.text)
    __aeabi_dsub                             0x08000313   Thumb Code     6  dadd.o(.text)
    __aeabi_drsub                            0x08000319   Thumb Code     6  dadd.o(.text)
    __aeabi_dmul                             0x0800031f   Thumb Code   228  dmul.o(.text)
    __aeabi_ddiv                             0x08000403   Thumb Code   222  ddiv.o(.text)
    __aeabi_i2d                              0x080004e1   Thumb Code    34  dflti.o(.text)
    __aeabi_d2uiz                            0x08000503   Thumb Code    50  dfixui.o(.text)
    __aeabi_f2d                              0x08000535   Thumb Code    38  f2d.o(.text)
    __aeabi_cdrcmple                         0x0800055d   Thumb Code    48  cdrcmple.o(.text)
    __aeabi_d2f                              0x0800058d   Thumb Code    56  d2f.o(.text)
    __aeabi_uidiv                            0x080005c5   Thumb Code     0  uidiv.o(.text)
    __aeabi_uidivmod                         0x080005c5   Thumb Code    44  uidiv.o(.text)
    __aeabi_uldivmod                         0x080005f1   Thumb Code    98  uldiv.o(.text)
    __aeabi_llsl                             0x08000653   Thumb Code    30  llshl.o(.text)
    _ll_shift_l                              0x08000653   Thumb Code     0  llshl.o(.text)
    __aeabi_llsr                             0x08000671   Thumb Code    32  llushr.o(.text)
    _ll_ushift_r                             0x08000671   Thumb Code     0  llushr.o(.text)
    __aeabi_lasr                             0x08000691   Thumb Code    36  llsshr.o(.text)
    _ll_sshift_r                             0x08000691   Thumb Code     0  llsshr.o(.text)
    __I$use$fp                               0x080006b5   Thumb Code     0  iusefp.o(.text)
    _float_round                             0x080006b5   Thumb Code    18  fepilogue.o(.text)
    _float_epilogue                          0x080006c7   Thumb Code    92  fepilogue.o(.text)
    _double_round                            0x08000723   Thumb Code    30  depilogue.o(.text)
    _double_epilogue                         0x08000741   Thumb Code   156  depilogue.o(.text)
    __aeabi_d2ulz                            0x080007dd   Thumb Code    48  dfixul.o(.text)
    __scatterload                            0x0800080d   Thumb Code    28  init.o(.text)
    __scatterload_rt2                        0x0800080d   Thumb Code     0  init.o(.text)
    Delay_ms                                 0x08000831   Thumb Code    20  systick.o(i.Delay_ms)
    Delay_s                                  0x08000849   Thumb Code    24  systick.o(i.Delay_s)
    GPIO_Init                                0x08000861   Thumb Code   144  stm32f4xx_gpio.o(i.GPIO_Init)
    GPIO_PinAFConfig                         0x080008f1   Thumb Code    70  stm32f4xx_gpio.o(i.GPIO_PinAFConfig)
    GPIO_SetBits                             0x08000937   Thumb Code     4  stm32f4xx_gpio.o(i.GPIO_SetBits)
    GY86_Init                                0x0800093b   Thumb Code    38  hmc5883l.o(i.GY86_Init)
    HM10_Config                              0x08000961   Thumb Code     8  hm10.o(i.HM10_Config)
    HMC5883L_ReadData                        0x08000969   Thumb Code    26  hmc5883l.o(i.HMC5883L_ReadData)
    HMC5883L_WriteReg                        0x08000989   Thumb Code    20  hmc5883l.o(i.HMC5883L_WriteReg)
    HMC5884LReadMe                           0x080009a1   Thumb Code    64  hmc5883l.o(i.HMC5884LReadMe)
    HMC_Init                                 0x080009e1   Thumb Code    28  hmc5883l.o(i.HMC_Init)
    HardFault_Handler                        0x080009fd   Thumb Code     4  stm32f4xx_it.o(i.HardFault_Handler)
    I2C1_Init                                0x08000a01   Thumb Code   156  i2c.o(i.I2C1_Init)
    I2C3_Configuration                       0x08000aa9   Thumb Code   180  i2c.o(i.I2C3_Configuration)
    I2C_AcknowledgeConfig                    0x08000b6d   Thumb Code    24  stm32f4xx_i2c.o(i.I2C_AcknowledgeConfig)
    I2C_CheckEvent                           0x08000b85   Thumb Code    42  stm32f4xx_i2c.o(i.I2C_CheckEvent)
    I2C_Cmd                                  0x08000baf   Thumb Code    24  stm32f4xx_i2c.o(i.I2C_Cmd)
    I2C_DeInit                               0x08000bc9   Thumb Code    82  stm32f4xx_i2c.o(i.I2C_DeInit)
    I2C_GenerateSTART                        0x08000c29   Thumb Code    24  stm32f4xx_i2c.o(i.I2C_GenerateSTART)
    I2C_GenerateSTOP                         0x08000c41   Thumb Code    24  stm32f4xx_i2c.o(i.I2C_GenerateSTOP)
    I2C_GetFlagStatus                        0x08000c59   Thumb Code    58  stm32f4xx_i2c.o(i.I2C_GetFlagStatus)
    I2C_Init                                 0x08000c95   Thumb Code   218  stm32f4xx_i2c.o(i.I2C_Init)
    I2C_ReadData                             0x08000d7d   Thumb Code   220  newi2c.o(i.I2C_ReadData)
    I2C_ReceiveData                          0x08000e61   Thumb Code     8  stm32f4xx_i2c.o(i.I2C_ReceiveData)
    I2C_Send7bitAddress                      0x08000e69   Thumb Code    16  stm32f4xx_i2c.o(i.I2C_Send7bitAddress)
    I2C_SendData                             0x08000e79   Thumb Code     4  stm32f4xx_i2c.o(i.I2C_SendData)
    I2C_WriteByte                            0x08000e7d   Thumb Code   134  newi2c.o(i.I2C_WriteByte)
    MPU6050ReadAcc                           0x08000f0d   Thumb Code    64  mpu6050.o(i.MPU6050ReadAcc)
    MPU6050ReadGyro                          0x08000f4d   Thumb Code    64  mpu6050.o(i.MPU6050ReadGyro)
    MPU6050_Config                           0x08000f8d   Thumb Code     8  mpu6050.o(i.MPU6050_Config)
    MPU6050_Init                             0x08000f95   Thumb Code   104  mpu6050.o(i.MPU6050_Init)
    MPU6050_ReadData                         0x08000ffd   Thumb Code    24  mpu6050.o(i.MPU6050_ReadData)
    MPU6050_ReturnTemp                       0x08001019   Thumb Code    90  mpu6050.o(i.MPU6050_ReturnTemp)
    MPU6050_WriteReg                         0x08001085   Thumb Code    20  mpu6050.o(i.MPU6050_WriteReg)
    Motor_Config                             0x0800109d   Thumb Code     8  motor.o(i.Motor_Config)
    Motor_Set                                0x080010a5   Thumb Code   102  motor.o(i.Motor_Set)
    Motor_Unlock                             0x08001111   Thumb Code   100  motor.o(i.Motor_Unlock)
    NVIC_Init                                0x08001195   Thumb Code   106  misc.o(i.NVIC_Init)
    OLED_CLS                                 0x0800120d   Thumb Code    10  oled.o(i.OLED_CLS)
    OLED_Config                              0x08001217   Thumb Code     8  oled.o(i.OLED_Config)
    OLED_Fill                                0x0800121f   Thumb Code    58  oled.o(i.OLED_Fill)
    OLED_Init                                0x08001259   Thumb Code   180  oled.o(i.OLED_Init)
    OLED_OFF                                 0x0800130d   Thumb Code    22  oled.o(i.OLED_OFF)
    OLED_ON                                  0x08001323   Thumb Code    22  oled.o(i.OLED_ON)
    OLED_SetPos                              0x08001339   Thumb Code    40  oled.o(i.OLED_SetPos)
    OLED_Set_Pos                             0x08001361   Thumb Code    36  oled.o(i.OLED_Set_Pos)
    OLED_ShowChar                            0x08001385   Thumb Code   148  oled.o(i.OLED_ShowChar)
    OLED_ShowNum                             0x08001421   Thumb Code   136  oled.o(i.OLED_ShowNum)
    OLED_ShowStr                             0x080014a9   Thumb Code   228  oled.o(i.OLED_ShowStr)
    OLED_Show_3num                           0x08001595   Thumb Code    68  oled.o(i.OLED_Show_3num)
    RCC_AHB1PeriphClockCmd                   0x080015d9   Thumb Code    26  stm32f4xx_rcc.o(i.RCC_AHB1PeriphClockCmd)
    RCC_APB1PeriphClockCmd                   0x080015f9   Thumb Code    26  stm32f4xx_rcc.o(i.RCC_APB1PeriphClockCmd)
    RCC_APB1PeriphResetCmd                   0x08001619   Thumb Code    26  stm32f4xx_rcc.o(i.RCC_APB1PeriphResetCmd)
    RCC_APB2PeriphClockCmd                   0x08001639   Thumb Code    26  stm32f4xx_rcc.o(i.RCC_APB2PeriphClockCmd)
    RCC_GetClocksFreq                        0x08001659   Thumb Code   214  stm32f4xx_rcc.o(i.RCC_GetClocksFreq)
    Receiver_Config                          0x08001741   Thumb Code    14  receiver.o(i.Receiver_Config)
    SysTick_Handler                          0x08001839   Thumb Code    76  stm32f4xx_it.o(i.SysTick_Handler)
    SystemInit                               0x0800188d   Thumb Code    88  system_stm32f4xx.o(i.SystemInit)
    TIM2_PWMOUTPUT_Config                    0x08001a19   Thumb Code   266  tim.o(i.TIM2_PWMOUTPUT_Config)
    TIM3_Cap_Init                            0x08001b29   Thumb Code   334  tim.o(i.TIM3_Cap_Init)
    TIM3_IRQHandler                          0x08001c85   Thumb Code   926  stm32f4xx_it.o(i.TIM3_IRQHandler)
    TIM_ClearITPendingBit                    0x08002075   Thumb Code     6  stm32f4xx_tim.o(i.TIM_ClearITPendingBit)
    TIM_Cmd                                  0x0800207b   Thumb Code    24  stm32f4xx_tim.o(i.TIM_Cmd)
    TIM_GetCapture1                          0x08002093   Thumb Code     6  stm32f4xx_tim.o(i.TIM_GetCapture1)
    TIM_GetCapture2                          0x08002099   Thumb Code     6  stm32f4xx_tim.o(i.TIM_GetCapture2)
    TIM_GetCapture3                          0x0800209f   Thumb Code     6  stm32f4xx_tim.o(i.TIM_GetCapture3)
    TIM_GetCapture4                          0x080020a5   Thumb Code     6  stm32f4xx_tim.o(i.TIM_GetCapture4)
    TIM_GetITStatus                          0x080020ab   Thumb Code    34  stm32f4xx_tim.o(i.TIM_GetITStatus)
    TIM_ICInit                               0x080020cd   Thumb Code   110  stm32f4xx_tim.o(i.TIM_ICInit)
    TIM_ITConfig                             0x0800213b   Thumb Code    18  stm32f4xx_tim.o(i.TIM_ITConfig)
    TIM_OC1Init                              0x0800214d   Thumb Code   114  stm32f4xx_tim.o(i.TIM_OC1Init)
    TIM_OC1PolarityConfig                    0x080021c9   Thumb Code    18  stm32f4xx_tim.o(i.TIM_OC1PolarityConfig)
    TIM_OC1PreloadConfig                     0x080021db   Thumb Code    18  stm32f4xx_tim.o(i.TIM_OC1PreloadConfig)
    TIM_OC2Init                              0x080021ed   Thumb Code   154  stm32f4xx_tim.o(i.TIM_OC2Init)
    TIM_OC2PolarityConfig                    0x08002291   Thumb Code    26  stm32f4xx_tim.o(i.TIM_OC2PolarityConfig)
    TIM_OC2PreloadConfig                     0x080022ab   Thumb Code    26  stm32f4xx_tim.o(i.TIM_OC2PreloadConfig)
    TIM_OC3Init                              0x080022c5   Thumb Code   150  stm32f4xx_tim.o(i.TIM_OC3Init)
    TIM_OC3PolarityConfig                    0x08002365   Thumb Code    26  stm32f4xx_tim.o(i.TIM_OC3PolarityConfig)
    TIM_OC3PreloadConfig                     0x0800237f   Thumb Code    18  stm32f4xx_tim.o(i.TIM_OC3PreloadConfig)
    TIM_OC4Init                              0x08002391   Thumb Code   112  stm32f4xx_tim.o(i.TIM_OC4Init)
    TIM_OC4PolarityConfig                    0x08002409   Thumb Code    26  stm32f4xx_tim.o(i.TIM_OC4PolarityConfig)
    TIM_OC4PreloadConfig                     0x08002423   Thumb Code    26  stm32f4xx_tim.o(i.TIM_OC4PreloadConfig)
    TIM_SetCompare1                          0x0800243d   Thumb Code     4  stm32f4xx_tim.o(i.TIM_SetCompare1)
    TIM_SetCompare2                          0x08002441   Thumb Code     4  stm32f4xx_tim.o(i.TIM_SetCompare2)
    TIM_SetCompare3                          0x08002445   Thumb Code     4  stm32f4xx_tim.o(i.TIM_SetCompare3)
    TIM_SetCompare4                          0x08002449   Thumb Code     4  stm32f4xx_tim.o(i.TIM_SetCompare4)
    TIM_SetCounter                           0x0800244d   Thumb Code     4  stm32f4xx_tim.o(i.TIM_SetCounter)
    TIM_SetIC1Prescaler                      0x08002451   Thumb Code    18  stm32f4xx_tim.o(i.TIM_SetIC1Prescaler)
    TIM_SetIC2Prescaler                      0x08002463   Thumb Code    26  stm32f4xx_tim.o(i.TIM_SetIC2Prescaler)
    TIM_SetIC3Prescaler                      0x0800247d   Thumb Code    18  stm32f4xx_tim.o(i.TIM_SetIC3Prescaler)
    TIM_SetIC4Prescaler                      0x0800248f   Thumb Code    26  stm32f4xx_tim.o(i.TIM_SetIC4Prescaler)
    TIM_TimeBaseInit                         0x080024a9   Thumb Code   104  stm32f4xx_tim.o(i.TIM_TimeBaseInit)
    TimingDelay_Decrement                    0x0800252d   Thumb Code    18  systick.o(i.TimingDelay_Decrement)
    USART6_Config                            0x08002545   Thumb Code   152  usart.o(i.USART6_Config)
    USART6_IRQHandler                        0x080025e5   Thumb Code    74  stm32f4xx_it.o(i.USART6_IRQHandler)
    USART_Cmd                                0x080026b1   Thumb Code    24  stm32f4xx_usart.o(i.USART_Cmd)
    USART_GetFlagStatus                      0x080026c9   Thumb Code    26  stm32f4xx_usart.o(i.USART_GetFlagStatus)
    USART_GetITStatus                        0x080026e3   Thumb Code    84  stm32f4xx_usart.o(i.USART_GetITStatus)
    USART_ITConfig                           0x08002737   Thumb Code    74  stm32f4xx_usart.o(i.USART_ITConfig)
    USART_Init                               0x08002781   Thumb Code   204  stm32f4xx_usart.o(i.USART_Init)
    USART_ReceiveData                        0x08002855   Thumb Code    10  stm32f4xx_usart.o(i.USART_ReceiveData)
    USART_SendData                           0x0800285f   Thumb Code     8  stm32f4xx_usart.o(i.USART_SendData)
    WriteCmd                                 0x08002869   Thumb Code    18  oled.o(i.WriteCmd)
    WriteDat                                 0x08002881   Thumb Code    18  oled.o(i.WriteDat)
    __0printf                                0x08002899   Thumb Code    22  printfa.o(i.__0printf)
    __1printf                                0x08002899   Thumb Code     0  printfa.o(i.__0printf)
    __2printf                                0x08002899   Thumb Code     0  printfa.o(i.__0printf)
    __c89printf                              0x08002899   Thumb Code     0  printfa.o(i.__0printf)
    printf                                   0x08002899   Thumb Code     0  printfa.o(i.__0printf)
    __scatterload_copy                       0x080028b9   Thumb Code    14  handlers.o(i.__scatterload_copy)
    __scatterload_null                       0x080028c7   Thumb Code     2  handlers.o(i.__scatterload_null)
    __scatterload_zeroinit                   0x080028c9   Thumb Code    14  handlers.o(i.__scatterload_zeroinit)
    fputc                                    0x08003165   Thumb Code    32  hm10.o(i.fputc)
    main                                     0x08003189   Thumb Code   764  main.o(i.main)
    oled_pow                                 0x0800352d   Thumb Code    22  oled.o(i.oled_pow)
    F6x8                                     0x08003542   Data         552  codetab.o(.constdata)
    F8X16                                    0x0800376a   Data        1520  codetab.o(.constdata)
    Region$$Table$$Base                      0x08003d5c   Number         0  anon$$obj.o(Region$$Table)
    Region$$Table$$Limit                     0x08003d7c   Number         0  anon$$obj.o(Region$$Table)
    captureFlag                              0x20000010   Data           6  stm32f4xx_it.o(.data)
    hm_flag                                  0x20000016   Data           1  stm32f4xx_it.o(.data)
    __stdout                                 0x20000020   Data           4  stdout.o(.data)
    Task_Delay                               0x20000024   Data          12  main.o(.bss)
    CapVal                                   0x20000030   Data          24  stm32f4xx_it.o(.bss)
    Duty                                     0x20000048   Data          48  stm32f4xx_it.o(.bss)
    Receiver_Delay                           0x20000078   Data          24  stm32f4xx_it.o(.bss)
    __initial_sp                             0x20000490   Data           0  startup_stm32f401xx.o(STACK)



==============================================================================

Memory Map of the image

  Image Entry point : 0x08000195

  Load Region LR_IROM1 (Base: 0x08000000, Size: 0x00003da0, Max: 0x00080000, ABSOLUTE)

    Execution Region ER_IROM1 (Exec base: 0x08000000, Load base: 0x08000000, Size: 0x00003d7c, Max: 0x00080000, ABSOLUTE)

    Exec Addr    Load Addr    Size         Type   Attr      Idx    E Section Name        Object

    0x08000000   0x08000000   0x00000194   Data   RO            3    RESET               startup_stm32f401xx.o
    0x08000194   0x08000194   0x00000000   Code   RO         5789  * .ARM.Collect$$$$00000000  mc_w.l(entry.o)
    0x08000194   0x08000194   0x00000004   Code   RO         6069    .ARM.Collect$$$$00000001  mc_w.l(entry2.o)
    0x08000198   0x08000198   0x00000004   Code   RO         6072    .ARM.Collect$$$$00000004  mc_w.l(entry5.o)
    0x0800019c   0x0800019c   0x00000000   Code   RO         6074    .ARM.Collect$$$$00000008  mc_w.l(entry7b.o)
    0x0800019c   0x0800019c   0x00000000   Code   RO         6076    .ARM.Collect$$$$0000000A  mc_w.l(entry8b.o)
    0x0800019c   0x0800019c   0x00000008   Code   RO         6077    .ARM.Collect$$$$0000000B  mc_w.l(entry9a.o)
    0x080001a4   0x080001a4   0x00000004   Code   RO         6084    .ARM.Collect$$$$0000000E  mc_w.l(entry12b.o)
    0x080001a8   0x080001a8   0x00000000   Code   RO         6079    .ARM.Collect$$$$0000000F  mc_w.l(entry10a.o)
    0x080001a8   0x080001a8   0x00000000   Code   RO         6081    .ARM.Collect$$$$00000011  mc_w.l(entry11a.o)
    0x080001a8   0x080001a8   0x00000004   Code   RO         6070    .ARM.Collect$$$$00002712  mc_w.l(entry2.o)
    0x080001ac   0x080001ac   0x00000024   Code   RO            4    .text               startup_stm32f401xx.o
    0x080001d0   0x080001d0   0x0000014e   Code   RO         6053    .text               mf_w.l(dadd.o)
    0x0800031e   0x0800031e   0x000000e4   Code   RO         6055    .text               mf_w.l(dmul.o)
    0x08000402   0x08000402   0x000000de   Code   RO         6057    .text               mf_w.l(ddiv.o)
    0x080004e0   0x080004e0   0x00000022   Code   RO         6059    .text               mf_w.l(dflti.o)
    0x08000502   0x08000502   0x00000032   Code   RO         6061    .text               mf_w.l(dfixui.o)
    0x08000534   0x08000534   0x00000026   Code   RO         6063    .text               mf_w.l(f2d.o)
    0x0800055a   0x0800055a   0x00000002   PAD
    0x0800055c   0x0800055c   0x00000030   Code   RO         6065    .text               mf_w.l(cdrcmple.o)
    0x0800058c   0x0800058c   0x00000038   Code   RO         6067    .text               mf_w.l(d2f.o)
    0x080005c4   0x080005c4   0x0000002c   Code   RO         6086    .text               mc_w.l(uidiv.o)
    0x080005f0   0x080005f0   0x00000062   Code   RO         6088    .text               mc_w.l(uldiv.o)
    0x08000652   0x08000652   0x0000001e   Code   RO         6090    .text               mc_w.l(llshl.o)
    0x08000670   0x08000670   0x00000020   Code   RO         6092    .text               mc_w.l(llushr.o)
    0x08000690   0x08000690   0x00000024   Code   RO         6094    .text               mc_w.l(llsshr.o)
    0x080006b4   0x080006b4   0x00000000   Code   RO         6096    .text               mc_w.l(iusefp.o)
    0x080006b4   0x080006b4   0x0000006e   Code   RO         6097    .text               mf_w.l(fepilogue.o)
    0x08000722   0x08000722   0x000000ba   Code   RO         6099    .text               mf_w.l(depilogue.o)
    0x080007dc   0x080007dc   0x00000030   Code   RO         6101    .text               mf_w.l(dfixul.o)
    0x0800080c   0x0800080c   0x00000024   Code   RO         6103    .text               mc_w.l(init.o)
    0x08000830   0x08000830   0x00000018   Code   RO         5273    i.Delay_ms          systick.o
    0x08000848   0x08000848   0x00000018   Code   RO         5274    i.Delay_s           systick.o
    0x08000860   0x08000860   0x00000090   Code   RO         1849    i.GPIO_Init         stm32f4xx_gpio.o
    0x080008f0   0x080008f0   0x00000046   Code   RO         1850    i.GPIO_PinAFConfig  stm32f4xx_gpio.o
    0x08000936   0x08000936   0x00000004   Code   RO         1857    i.GPIO_SetBits      stm32f4xx_gpio.o
    0x0800093a   0x0800093a   0x00000026   Code   RO         5337    i.GY86_Init         hmc5883l.o
    0x08000960   0x08000960   0x00000008   Code   RO         5506    i.HM10_Config       hm10.o
    0x08000968   0x08000968   0x00000020   Code   RO         5338    i.HMC5883L_ReadData  hmc5883l.o
    0x08000988   0x08000988   0x00000018   Code   RO         5339    i.HMC5883L_WriteReg  hmc5883l.o
    0x080009a0   0x080009a0   0x00000040   Code   RO         5340    i.HMC5884LReadMe    hmc5883l.o
    0x080009e0   0x080009e0   0x0000001c   Code   RO         5341    i.HMC_Init          hmc5883l.o
    0x080009fc   0x080009fc   0x00000004   Code   RO         4991    i.HardFault_Handler  stm32f4xx_it.o
    0x08000a00   0x08000a00   0x000000a8   Code   RO         5100    i.I2C1_Init         i2c.o
    0x08000aa8   0x08000aa8   0x000000c4   Code   RO         5101    i.I2C3_Configuration  i2c.o
    0x08000b6c   0x08000b6c   0x00000018   Code   RO         2140    i.I2C_AcknowledgeConfig  stm32f4xx_i2c.o
    0x08000b84   0x08000b84   0x0000002a   Code   RO         2143    i.I2C_CheckEvent    stm32f4xx_i2c.o
    0x08000bae   0x08000bae   0x00000018   Code   RO         2146    i.I2C_Cmd           stm32f4xx_i2c.o
    0x08000bc6   0x08000bc6   0x00000002   PAD
    0x08000bc8   0x08000bc8   0x00000060   Code   RO         2149    i.I2C_DeInit        stm32f4xx_i2c.o
    0x08000c28   0x08000c28   0x00000018   Code   RO         2154    i.I2C_GenerateSTART  stm32f4xx_i2c.o
    0x08000c40   0x08000c40   0x00000018   Code   RO         2155    i.I2C_GenerateSTOP  stm32f4xx_i2c.o
    0x08000c58   0x08000c58   0x0000003a   Code   RO         2156    i.I2C_GetFlagStatus  stm32f4xx_i2c.o
    0x08000c92   0x08000c92   0x00000002   PAD
    0x08000c94   0x08000c94   0x000000e8   Code   RO         2161    i.I2C_Init          stm32f4xx_i2c.o
    0x08000d7c   0x08000d7c   0x000000e4   Code   RO         5721    i.I2C_ReadData      newi2c.o
    0x08000e60   0x08000e60   0x00000008   Code   RO         2166    i.I2C_ReceiveData   stm32f4xx_i2c.o
    0x08000e68   0x08000e68   0x00000010   Code   RO         2168    i.I2C_Send7bitAddress  stm32f4xx_i2c.o
    0x08000e78   0x08000e78   0x00000004   Code   RO         2169    i.I2C_SendData      stm32f4xx_i2c.o
    0x08000e7c   0x08000e7c   0x00000090   Code   RO         5722    i.I2C_WriteByte     newi2c.o
    0x08000f0c   0x08000f0c   0x00000040   Code   RO         5196    i.MPU6050ReadAcc    mpu6050.o
    0x08000f4c   0x08000f4c   0x00000040   Code   RO         5197    i.MPU6050ReadGyro   mpu6050.o
    0x08000f8c   0x08000f8c   0x00000008   Code   RO         5200    i.MPU6050_Config    mpu6050.o
    0x08000f94   0x08000f94   0x00000068   Code   RO         5201    i.MPU6050_Init      mpu6050.o
    0x08000ffc   0x08000ffc   0x0000001c   Code   RO         5202    i.MPU6050_ReadData  mpu6050.o
    0x08001018   0x08001018   0x0000006c   Code   RO         5203    i.MPU6050_ReturnTemp  mpu6050.o
    0x08001084   0x08001084   0x00000018   Code   RO         5204    i.MPU6050_WriteReg  mpu6050.o
    0x0800109c   0x0800109c   0x00000008   Code   RO         5460    i.Motor_Config      motor.o
    0x080010a4   0x080010a4   0x0000006c   Code   RO         5461    i.Motor_Set         motor.o
    0x08001110   0x08001110   0x00000064   Code   RO         5463    i.Motor_Unlock      motor.o
    0x08001174   0x08001174   0x0000001e   Code   RO         5043    i.NVIC_Configuration  usart.o
    0x08001192   0x08001192   0x00000002   PAD
    0x08001194   0x08001194   0x00000078   Code   RO           13    i.NVIC_Init         misc.o
    0x0800120c   0x0800120c   0x0000000a   Code   RO         5570    i.OLED_CLS          oled.o
    0x08001216   0x08001216   0x00000008   Code   RO         5571    i.OLED_Config       oled.o
    0x0800121e   0x0800121e   0x0000003a   Code   RO         5573    i.OLED_Fill         oled.o
    0x08001258   0x08001258   0x000000b4   Code   RO         5574    i.OLED_Init         oled.o
    0x0800130c   0x0800130c   0x00000016   Code   RO         5575    i.OLED_OFF          oled.o
    0x08001322   0x08001322   0x00000016   Code   RO         5576    i.OLED_ON           oled.o
    0x08001338   0x08001338   0x00000028   Code   RO         5577    i.OLED_SetPos       oled.o
    0x08001360   0x08001360   0x00000024   Code   RO         5578    i.OLED_Set_Pos      oled.o
    0x08001384   0x08001384   0x0000009c   Code   RO         5580    i.OLED_ShowChar     oled.o
    0x08001420   0x08001420   0x00000088   Code   RO         5581    i.OLED_ShowNum      oled.o
    0x080014a8   0x080014a8   0x000000ec   Code   RO         5582    i.OLED_ShowStr      oled.o
    0x08001594   0x08001594   0x00000044   Code   RO         5583    i.OLED_Show_3num    oled.o
    0x080015d8   0x080015d8   0x00000020   Code   RO         2790    i.RCC_AHB1PeriphClockCmd  stm32f4xx_rcc.o
    0x080015f8   0x080015f8   0x00000020   Code   RO         2796    i.RCC_APB1PeriphClockCmd  stm32f4xx_rcc.o
    0x08001618   0x08001618   0x00000020   Code   RO         2798    i.RCC_APB1PeriphResetCmd  stm32f4xx_rcc.o
    0x08001638   0x08001638   0x00000020   Code   RO         2799    i.RCC_APB2PeriphClockCmd  stm32f4xx_rcc.o
    0x08001658   0x08001658   0x000000e8   Code   RO         2808    i.RCC_GetClocksFreq  stm32f4xx_rcc.o
    0x08001740   0x08001740   0x0000000e   Code   RO         5546    i.Receiver_Config   receiver.o
    0x0800174e   0x0800174e   0x00000002   PAD
    0x08001750   0x08001750   0x000000e8   Code   RO         5751    i.SetSysClock       system_stm32f4xx.o
    0x08001838   0x08001838   0x00000054   Code   RO         4992    i.SysTick_Handler   stm32f4xx_it.o
    0x0800188c   0x0800188c   0x00000068   Code   RO         5753    i.SystemInit        system_stm32f4xx.o
    0x080018f4   0x080018f4   0x0000003a   Code   RO         4095    i.TI1_Config        stm32f4xx_tim.o
    0x0800192e   0x0800192e   0x00000050   Code   RO         4096    i.TI2_Config        stm32f4xx_tim.o
    0x0800197e   0x0800197e   0x00000048   Code   RO         4097    i.TI3_Config        stm32f4xx_tim.o
    0x080019c6   0x080019c6   0x00000050   Code   RO         4098    i.TI4_Config        stm32f4xx_tim.o
    0x08001a16   0x08001a16   0x00000002   PAD
    0x08001a18   0x08001a18   0x00000110   Code   RO         5430    i.TIM2_PWMOUTPUT_Config  tim.o
    0x08001b28   0x08001b28   0x0000015c   Code   RO         5431    i.TIM3_Cap_Init     tim.o
    0x08001c84   0x08001c84   0x000003f0   Code   RO         4993    i.TIM3_IRQHandler   stm32f4xx_it.o
    0x08002074   0x08002074   0x00000006   Code   RO         4106    i.TIM_ClearITPendingBit  stm32f4xx_tim.o
    0x0800207a   0x0800207a   0x00000018   Code   RO         4111    i.TIM_Cmd           stm32f4xx_tim.o
    0x08002092   0x08002092   0x00000006   Code   RO         4126    i.TIM_GetCapture1   stm32f4xx_tim.o
    0x08002098   0x08002098   0x00000006   Code   RO         4127    i.TIM_GetCapture2   stm32f4xx_tim.o
    0x0800209e   0x0800209e   0x00000006   Code   RO         4128    i.TIM_GetCapture3   stm32f4xx_tim.o
    0x080020a4   0x080020a4   0x00000006   Code   RO         4129    i.TIM_GetCapture4   stm32f4xx_tim.o
    0x080020aa   0x080020aa   0x00000022   Code   RO         4132    i.TIM_GetITStatus   stm32f4xx_tim.o
    0x080020cc   0x080020cc   0x0000006e   Code   RO         4134    i.TIM_ICInit        stm32f4xx_tim.o
    0x0800213a   0x0800213a   0x00000012   Code   RO         4136    i.TIM_ITConfig      stm32f4xx_tim.o
    0x0800214c   0x0800214c   0x0000007c   Code   RO         4140    i.TIM_OC1Init       stm32f4xx_tim.o
    0x080021c8   0x080021c8   0x00000012   Code   RO         4142    i.TIM_OC1PolarityConfig  stm32f4xx_tim.o
    0x080021da   0x080021da   0x00000012   Code   RO         4143    i.TIM_OC1PreloadConfig  stm32f4xx_tim.o
    0x080021ec   0x080021ec   0x000000a4   Code   RO         4145    i.TIM_OC2Init       stm32f4xx_tim.o
    0x08002290   0x08002290   0x0000001a   Code   RO         4147    i.TIM_OC2PolarityConfig  stm32f4xx_tim.o
    0x080022aa   0x080022aa   0x0000001a   Code   RO         4148    i.TIM_OC2PreloadConfig  stm32f4xx_tim.o
    0x080022c4   0x080022c4   0x000000a0   Code   RO         4150    i.TIM_OC3Init       stm32f4xx_tim.o
    0x08002364   0x08002364   0x0000001a   Code   RO         4152    i.TIM_OC3PolarityConfig  stm32f4xx_tim.o
    0x0800237e   0x0800237e   0x00000012   Code   RO         4153    i.TIM_OC3PreloadConfig  stm32f4xx_tim.o
    0x08002390   0x08002390   0x00000078   Code   RO         4155    i.TIM_OC4Init       stm32f4xx_tim.o
    0x08002408   0x08002408   0x0000001a   Code   RO         4156    i.TIM_OC4PolarityConfig  stm32f4xx_tim.o
    0x08002422   0x08002422   0x0000001a   Code   RO         4157    i.TIM_OC4PreloadConfig  stm32f4xx_tim.o
    0x0800243c   0x0800243c   0x00000004   Code   RO         4173    i.TIM_SetCompare1   stm32f4xx_tim.o
    0x08002440   0x08002440   0x00000004   Code   RO         4174    i.TIM_SetCompare2   stm32f4xx_tim.o
    0x08002444   0x08002444   0x00000004   Code   RO         4175    i.TIM_SetCompare3   stm32f4xx_tim.o
    0x08002448   0x08002448   0x00000004   Code   RO         4176    i.TIM_SetCompare4   stm32f4xx_tim.o
    0x0800244c   0x0800244c   0x00000004   Code   RO         4177    i.TIM_SetCounter    stm32f4xx_tim.o
    0x08002450   0x08002450   0x00000012   Code   RO         4178    i.TIM_SetIC1Prescaler  stm32f4xx_tim.o
    0x08002462   0x08002462   0x0000001a   Code   RO         4179    i.TIM_SetIC2Prescaler  stm32f4xx_tim.o
    0x0800247c   0x0800247c   0x00000012   Code   RO         4180    i.TIM_SetIC3Prescaler  stm32f4xx_tim.o
    0x0800248e   0x0800248e   0x0000001a   Code   RO         4181    i.TIM_SetIC4Prescaler  stm32f4xx_tim.o
    0x080024a8   0x080024a8   0x00000084   Code   RO         4183    i.TIM_TimeBaseInit  stm32f4xx_tim.o
    0x0800252c   0x0800252c   0x00000018   Code   RO         5277    i.TimingDelay_Decrement  systick.o
    0x08002544   0x08002544   0x000000a0   Code   RO         5044    i.USART6_Config     usart.o
    0x080025e4   0x080025e4   0x000000cc   Code   RO         4994    i.USART6_IRQHandler  stm32f4xx_it.o
    0x080026b0   0x080026b0   0x00000018   Code   RO         4665    i.USART_Cmd         stm32f4xx_usart.o
    0x080026c8   0x080026c8   0x0000001a   Code   RO         4668    i.USART_GetFlagStatus  stm32f4xx_usart.o
    0x080026e2   0x080026e2   0x00000054   Code   RO         4669    i.USART_GetITStatus  stm32f4xx_usart.o
    0x08002736   0x08002736   0x0000004a   Code   RO         4671    i.USART_ITConfig    stm32f4xx_usart.o
    0x08002780   0x08002780   0x000000d4   Code   RO         4672    i.USART_Init        stm32f4xx_usart.o
    0x08002854   0x08002854   0x0000000a   Code   RO         4679    i.USART_ReceiveData  stm32f4xx_usart.o
    0x0800285e   0x0800285e   0x00000008   Code   RO         4682    i.USART_SendData    stm32f4xx_usart.o
    0x08002866   0x08002866   0x00000002   PAD
    0x08002868   0x08002868   0x00000018   Code   RO         5584    i.WriteCmd          oled.o
    0x08002880   0x08002880   0x00000018   Code   RO         5585    i.WriteDat          oled.o
    0x08002898   0x08002898   0x00000020   Code   RO         6025    i.__0printf         mc_w.l(printfa.o)
    0x080028b8   0x080028b8   0x0000000e   Code   RO         6107    i.__scatterload_copy  mc_w.l(handlers.o)
    0x080028c6   0x080028c6   0x00000002   Code   RO         6108    i.__scatterload_null  mc_w.l(handlers.o)
    0x080028c8   0x080028c8   0x0000000e   Code   RO         6109    i.__scatterload_zeroinit  mc_w.l(handlers.o)
    0x080028d6   0x080028d6   0x00000002   PAD
    0x080028d8   0x080028d8   0x00000184   Code   RO         6032    i._fp_digits        mc_w.l(printfa.o)
    0x08002a5c   0x08002a5c   0x000006b4   Code   RO         6033    i._printf_core      mc_w.l(printfa.o)
    0x08003110   0x08003110   0x00000024   Code   RO         6034    i._printf_post_padding  mc_w.l(printfa.o)
    0x08003134   0x08003134   0x0000002e   Code   RO         6035    i._printf_pre_padding  mc_w.l(printfa.o)
    0x08003162   0x08003162   0x00000002   PAD
    0x08003164   0x08003164   0x00000024   Code   RO         5508    i.fputc             hm10.o
    0x08003188   0x08003188   0x000003a4   Code   RO         4919    i.main              main.o
    0x0800352c   0x0800352c   0x00000016   Code   RO         5586    i.oled_pow          oled.o
    0x08003542   0x08003542   0x00000818   Data   RO         5386    .constdata          codetab.o
    0x08003d5a   0x08003d5a   0x00000002   PAD
    0x08003d5c   0x08003d5c   0x00000020   Data   RO         6105    Region$$Table       anon$$obj.o


    Execution Region RW_IRAM1 (Exec base: 0x20000000, Load base: 0x08003d7c, Size: 0x00000490, Max: 0x00018000, ABSOLUTE)

    Exec Addr    Load Addr    Size         Type   Attr      Idx    E Section Name        Object

    0x20000000   0x08003d7c   0x00000010   Data   RW         2838    .data               stm32f4xx_rcc.o
    0x20000010   0x08003d8c   0x00000007   Data   RW         4997    .data               stm32f4xx_it.o
    0x20000017   0x08003d93   0x00000001   PAD
    0x20000018   0x08003d94   0x00000008   Data   RW         5279    .data               systick.o
    0x20000020   0x08003d9c   0x00000004   Data   RW         6085    .data               mc_w.l(stdout.o)
    0x20000024        -       0x0000000c   Zero   RW         4920    .bss                main.o
    0x20000030        -       0x00000060   Zero   RW         4995    .bss                stm32f4xx_it.o
    0x20000090        -       0x00000400   Zero   RW            1    STACK               startup_stm32f401xx.o


==============================================================================

Image component sizes


      Code (inc. data)   RO Data    RW Data    ZI Data      Debug   Object Name

         0          0       2072          0          0        725   codetab.o
        44          4          0          0          0       2614   hm10.o
       186         10          0          0          0       2764   hmc5883l.o
       364         28          0          0          0       1273   i2c.o
       932        168          0          0         12       1867   main.o
       120         14          0          0          0     270480   misc.o
       216          6          0          0          0       1634   motor.o
       400         26          0          0          0       4102   mpu6050.o
       372         18          0          0          0       1939   newi2c.o
      1042         28          0          0          0       9019   oled.o
        14          0          0          0          0        474   receiver.o
        36          8        404          0       1024        980   startup_stm32f401xx.o
       218          0          0          0          0       2754   stm32f4xx_gpio.o
       552         28          0          0          0       8249   stm32f4xx_i2c.o
      1300        220          0          7         96       3512   stm32f4xx_it.o
       360         42          0         16          0       5848   stm32f4xx_rcc.o
      1498         66          0          0          0      25076   stm32f4xx_tim.o
       438          8          0          0          0       6189   stm32f4xx_usart.o
       336         32          0          0          0       2005   system_stm32f4xx.o
        72         10          0          8          0       2173   systick.o
       620         20          0          0          0       1624   tim.o
       190          8          0          0          0       1120   usart.o

    ----------------------------------------------------------------------
      9322        744       2510         32       1132     356421   Object Totals
         0          0         32          0          0          0   (incl. Generated)
        12          0          2          1          0          0   (incl. Padding)

    ----------------------------------------------------------------------

      Code (inc. data)   RO Data    RW Data    ZI Data      Debug   Library Member Name

         0          0          0          0          0          0   entry.o
         0          0          0          0          0          0   entry10a.o
         0          0          0          0          0          0   entry11a.o
         4          0          0          0          0          0   entry12b.o
         8          4          0          0          0          0   entry2.o
         4          0          0          0          0          0   entry5.o
         0          0          0          0          0          0   entry7b.o
         0          0          0          0          0          0   entry8b.o
         8          4          0          0          0          0   entry9a.o
        30          0          0          0          0          0   handlers.o
        36          8          0          0          0         68   init.o
         0          0          0          0          0          0   iusefp.o
        30          0          0          0          0         68   llshl.o
        36          0          0          0          0         68   llsshr.o
        32          0          0          0          0         68   llushr.o
      2218         90          0          0          0        464   printfa.o
         0          0          0          4          0          0   stdout.o
        44          0          0          0          0         80   uidiv.o
        98          0          0          0          0         92   uldiv.o
        48          0          0          0          0         68   cdrcmple.o
        56          0          0          0          0         88   d2f.o
       334          0          0          0          0        148   dadd.o
       222          0          0          0          0        100   ddiv.o
       186          0          0          0          0        176   depilogue.o
        50          0          0          0          0         76   dfixui.o
        48          0          0          0          0         68   dfixul.o
        34          0          0          0          0         76   dflti.o
       228          0          0          0          0         96   dmul.o
        38          0          0          0          0         68   f2d.o
       110          0          0          0          0        168   fepilogue.o

    ----------------------------------------------------------------------
      3908        106          0          4          0       2040   Library Totals
         6          0          0          0          0          0   (incl. Padding)

    ----------------------------------------------------------------------

      Code (inc. data)   RO Data    RW Data    ZI Data      Debug   Library Name

      2548        106          0          4          0        908   mc_w.l
      1354          0          0          0          0       1132   mf_w.l

    ----------------------------------------------------------------------
      3908        106          0          4          0       2040   Library Totals

    ----------------------------------------------------------------------

==============================================================================


      Code (inc. data)   RO Data    RW Data    ZI Data      Debug   

     13230        850       2510         36       1132     346977   Grand Totals
     13230        850       2510         36       1132     346977   ELF Image Totals
     13230        850       2510         36          0          0   ROM Totals

==============================================================================

    Total RO  Size (Code + RO Data)                15740 (  15.37kB)
    Total RW  Size (RW Data + ZI Data)              1168 (   1.14kB)
    Total ROM Size (Code + RO Data + RW Data)      15776 (  15.41kB)

==============================================================================

